This is pdfTeX, Version 3.141592653-2.6-1.40.27 (MiKTeX 25.4) (preloaded format=pdflatex 2025.9.10)  8 JUN 2026 03:22
entering extended mode
 restricted \write18 enabled.
 %&-line parsing enabled.
**./skripsi.tex
(skripsi.tex
LaTeX2e <2025-06-01> patch level 1
L3 programming layer <2025-08-13>
(C:\Users\User\AppData\Local\Programs\MiKTeX\tex/latex/base\report.cls
Document Class: report 2025/01/22 v1.4n Standard LaTeX document class
(C:\Users\User\AppData\Local\Programs\MiKTeX\tex/latex/base\size11.clo
File: size11.clo 2025/01/22 v1.4n Standard LaTeX file (size option)
)
\c@part=\count275
\c@chapter=\count276
\c@section=\count277
\c@subsection=\count278
\c@subsubsection=\count279
\c@paragraph=\count280
\c@subparagraph=\count281
\c@figure=\count282
\c@table=\count283
\abovecaptionskip=\skip49
\belowcaptionskip=\skip50
\bibindent=\dimen148
)
(C:\Users\User\AppData\Local\Programs\MiKTeX\tex/generic/babel\babel.sty
Package: babel 2025/08/03 v25.12 The multilingual framework for LuaLaTeX, pdfLa
TeX and XeLaTeX
\babel@savecnt=\count284
LaTeX Encoding Info:    Redeclaring text command \ij (encoding OT1) on input li
ne 2045.
LaTeX Encoding Info:    Redeclaring text command \IJ (encoding OT1) on input li
ne 2047.
LaTeX Encoding Info:    Redeclaring text command \ij (encoding T1) on input lin
e 2049.
LaTeX Encoding Info:    Redeclaring text command \IJ (encoding T1) on input lin
e 2050.
LaTeX Encoding Info:    Ignoring declaration for text command \ij (encoding ?) 
on input line 2051.
LaTeX Encoding Info:    Ignoring declaration for text command \IJ (encoding ?) 
on input line 2053.
LaTeX Encoding Info:    Ignoring declaration for text command \SS (encoding ?) 
on input line 2078.
\U@D=\dimen149
\l@unhyphenated=\language79

(C:\Users\User\AppData\Local\Programs\MiKTeX\tex/generic/babel\txtbabel.def)
\bbl@readstream=\read2
\bbl@dirlevel=\count285

*************************************
* Local config file bblopts.cfg used
*
(C:\Users\User\AppData\Local\Programs\MiKTeX\tex/latex/arabi\bblopts.cfg
File: bblopts.cfg 2005/09/08 v0.1 add Arabic and Farsi to "declared" options of
 babel
)
(C:\Users\User\AppData\Local\Programs\MiKTeX\tex/latex/babel-indonesian\bahasa.
ldf
Language: bahasa 2025/06/01 v1.0n Bahasa Indonesia support from the babel syste
m

(C:\Users\User\AppData\Local\Programs\MiKTeX\tex/latex/babel-indonesian\indones
ian.ldf
Language: indonesian 2025/06/01 v1.0n Bahasa Indonesia support from the babel s
ystem
)))
(C:\Users\User\AppData\Local\Programs\MiKTeX\tex/latex/lm\lmodern.sty
Package: lmodern 2015/05/01 v1.6.1 Latin Modern Fonts
LaTeX Font Info:    Overwriting symbol font `operators' in version `normal'
(Font)                  OT1/cmr/m/n --> OT1/lmr/m/n on input line 22.
LaTeX Font Info:    Overwriting symbol font `letters' in version `normal'
(Font)                  OML/cmm/m/it --> OML/lmm/m/it on input line 23.
LaTeX Font Info:    Overwriting symbol font `symbols' in version `normal'
(Font)                  OMS/cmsy/m/n --> OMS/lmsy/m/n on input line 24.
LaTeX Font Info:    Overwriting symbol font `largesymbols' in version `normal'
(Font)                  OMX/cmex/m/n --> OMX/lmex/m/n on input line 25.
LaTeX Font Info:    Overwriting symbol font `operators' in version `bold'
(Font)                  OT1/cmr/bx/n --> OT1/lmr/bx/n on input line 26.
LaTeX Font Info:    Overwriting symbol font `letters' in version `bold'
(Font)                  OML/cmm/b/it --> OML/lmm/b/it on input line 27.
LaTeX Font Info:    Overwriting symbol font `symbols' in version `bold'
(Font)                  OMS/cmsy/b/n --> OMS/lmsy/b/n on input line 28.
LaTeX Font Info:    Overwriting symbol font `largesymbols' in version `bold'
(Font)                  OMX/cmex/m/n --> OMX/lmex/m/n on input line 29.
LaTeX Font Info:    Overwriting math alphabet `\mathbf' in version `normal'
(Font)                  OT1/cmr/bx/n --> OT1/lmr/bx/n on input line 31.
LaTeX Font Info:    Overwriting math alphabet `\mathsf' in version `normal'
(Font)                  OT1/cmss/m/n --> OT1/lmss/m/n on input line 32.
LaTeX Font Info:    Overwriting math alphabet `\mathit' in version `normal'
(Font)                  OT1/cmr/m/it --> OT1/lmr/m/it on input line 33.
LaTeX Font Info:    Overwriting math alphabet `\mathtt' in version `normal'
(Font)                  OT1/cmtt/m/n --> OT1/lmtt/m/n on input line 34.
LaTeX Font Info:    Overwriting math alphabet `\mathbf' in version `bold'
(Font)                  OT1/cmr/bx/n --> OT1/lmr/bx/n on input line 35.
LaTeX Font Info:    Overwriting math alphabet `\mathsf' in version `bold'
(Font)                  OT1/cmss/bx/n --> OT1/lmss/bx/n on input line 36.
LaTeX Font Info:    Overwriting math alphabet `\mathit' in version `bold'
(Font)                  OT1/cmr/bx/it --> OT1/lmr/bx/it on input line 37.
LaTeX Font Info:    Overwriting math alphabet `\mathtt' in version `bold'
(Font)                  OT1/cmtt/m/n --> OT1/lmtt/m/n on input line 38.
)
(C:\Users\User\AppData\Local\Programs\MiKTeX\tex/latex/base\fontenc.sty
Package: fontenc 2024/12/21 v2.1c Standard LaTeX package
LaTeX Font Info:    Trying to load font information for T1+lmr on input line 11
6.

(C:\Users\User\AppData\Local\Programs\MiKTeX\tex/latex/lm\t1lmr.fd
File: t1lmr.fd 2015/05/01 v1.6.1 Font defs for Latin Modern
))
(C:\Users\User\AppData\Local\Programs\MiKTeX\tex/latex/geometry\geometry.sty
Package: geometry 2020/01/02 v5.9 Page Geometry

(C:\Users\User\AppData\Local\Programs\MiKTeX\tex/latex/graphics\keyval.sty
Package: keyval 2022/05/29 v1.15 key=value parser (DPC)
\KV@toks@=\toks17
)
(C:\Users\User\AppData\Local\Programs\MiKTeX\tex/generic/iftex\ifvtex.sty
Package: ifvtex 2019/10/25 v1.7 ifvtex legacy package. Use iftex instead.

(C:\Users\User\AppData\Local\Programs\MiKTeX\tex/generic/iftex\iftex.sty
Package: iftex 2024/12/12 v1.0g TeX engine tests
))
\Gm@cnth=\count286
\Gm@cntv=\count287
\c@Gm@tempcnt=\count288
\Gm@bindingoffset=\dimen150
\Gm@wd@mp=\dimen151
\Gm@odd@mp=\dimen152
\Gm@even@mp=\dimen153
\Gm@layoutwidth=\dimen154
\Gm@layoutheight=\dimen155
\Gm@layouthoffset=\dimen156
\Gm@layoutvoffset=\dimen157
\Gm@dimlist=\toks18

(C:\Users\User\AppData\Local\Programs\MiKTeX\tex/latex/geometry\geometry.cfg))
(C:\Users\User\AppData\Local\Programs\MiKTeX\tex/latex/microtype\microtype.sty
Package: microtype 2025/07/09 v3.2b Micro-typographical refinements (RS)

(C:\Users\User\AppData\Local\Programs\MiKTeX\tex/latex/etoolbox\etoolbox.sty
Package: etoolbox 2025/02/11 v2.5l e-TeX tools for LaTeX (JAW)
\etb@tempcnta=\count289
)
\MT@toks=\toks19
\MT@tempbox=\box53
\MT@count=\count290
LaTeX Info: Redefining \noprotrusionifhmode on input line 1087.
LaTeX Info: Redefining \leftprotrusion on input line 1088.
\MT@prot@toks=\toks20
LaTeX Info: Redefining \rightprotrusion on input line 1107.
LaTeX Info: Redefining \textls on input line 1449.
\MT@outer@kern=\dimen158
LaTeX Info: Redefining \microtypecontext on input line 2053.
LaTeX Info: Redefining \textmicrotypecontext on input line 2070.
\MT@listname@count=\count291

(C:\Users\User\AppData\Local\Programs\MiKTeX\tex/latex/microtype\microtype-pdft
ex.def
File: microtype-pdftex.def 2025/07/09 v3.2b Definitions specific to pdftex (RS)

LaTeX Info: Redefining \lsstyle on input line 944.
LaTeX Info: Redefining \lslig on input line 944.
\MT@outer@space=\skip51
)
Package microtype Info: Loading configuration file microtype.cfg.

(C:\Users\User\AppData\Local\Programs\MiKTeX\tex/latex/microtype\microtype.cfg
File: microtype.cfg 2025/07/09 v3.2b microtype main configuration file (RS)
)
LaTeX Info: Redefining \microtypesetup on input line 3065.
) (C:\Users\User\AppData\Local\Programs\MiKTeX\tex/latex/lipsum\lipsum.sty
(C:\Users\User\AppData\Local\Programs\MiKTeX\tex/latex/l3packages/l3keys2e\l3ke
ys2e.sty
(C:\Users\User\AppData\Local\Programs\MiKTeX\tex/latex/l3kernel\expl3.sty
Package: expl3 2025-08-13 L3 programming layer (loader) 

(C:\Users\User\AppData\Local\Programs\MiKTeX\tex/latex/l3backend\l3backend-pdft
ex.def
File: l3backend-pdftex.def 2025-06-09 L3 backend support: PDF output (pdfTeX)
\l__color_backend_stack_int=\count292
))
Package: l3keys2e 2024-08-16 LaTeX2e option processing using LaTeX3 keys
)
Package: lipsum 2021-09-20 v2.7 150 paragraphs of Lorem Ipsum dummy text
\g__lipsum_par_int=\count293
\l__lipsum_a_int=\count294
\l__lipsum_b_int=\count295

(C:\Users\User\AppData\Local\Programs\MiKTeX\tex/latex/lipsum\lipsum.ltd.tex))
(C:\Users\User\AppData\Local\Programs\MiKTeX\tex/latex/abstract\abstract.sty
Package: abstract 2009/06/08 v1.2a configurable abstracts
\abstitleskip=\skip52
\absleftindent=\skip53
\absrightindent=\skip54
\absparindent=\skip55
\absparsep=\skip56
)
(C:\Users\User\AppData\Local\Programs\MiKTeX\tex/latex/tocloft\tocloft.sty
Package: tocloft 2017/08/31 v2.3i parameterised ToC, etc., typesetting
Package tocloft Info: The document has chapter divisions on input line 51.
\cftparskip=\skip57
\cftbeforetoctitleskip=\skip58
\cftaftertoctitleskip=\skip59
\cftbeforepartskip=\skip60
\cftpartnumwidth=\skip61
\cftpartindent=\skip62
\cftbeforechapskip=\skip63
\cftchapindent=\skip64
\cftchapnumwidth=\skip65
\cftbeforesecskip=\skip66
\cftsecindent=\skip67
\cftsecnumwidth=\skip68
\cftbeforesubsecskip=\skip69
\cftsubsecindent=\skip70
\cftsubsecnumwidth=\skip71
\cftbeforesubsubsecskip=\skip72
\cftsubsubsecindent=\skip73
\cftsubsubsecnumwidth=\skip74
\cftbeforeparaskip=\skip75
\cftparaindent=\skip76
\cftparanumwidth=\skip77
\cftbeforesubparaskip=\skip78
\cftsubparaindent=\skip79
\cftsubparanumwidth=\skip80
\cftbeforeloftitleskip=\skip81
\cftafterloftitleskip=\skip82
\cftbeforefigskip=\skip83
\cftfigindent=\skip84
\cftfignumwidth=\skip85
\c@lofdepth=\count296
\c@lotdepth=\count297
\cftbeforelottitleskip=\skip86
\cftafterlottitleskip=\skip87
\cftbeforetabskip=\skip88
\cfttabindent=\skip89
\cfttabnumwidth=\skip90
)
(C:\Users\User\AppData\Local\Programs\MiKTeX\tex/latex/tocbibind\tocbibind.sty
Package: tocbibind 2010/10/13 v1.5k extra ToC listings
Package tocbibind Info: The document has chapter divisions on input line 50.


Package tocbibind Note: Using chapter style headings, unless overridden.

) (C:\Users\User\AppData\Local\Programs\MiKTeX\tex/latex/fancyhdr\fancyhdr.sty
Package: fancyhdr 2025/02/07 v5.2 Extensive control of page headers and footers

\f@nch@headwidth=\skip91
\f@nch@offset@elh=\skip92
\f@nch@offset@erh=\skip93
\f@nch@offset@olh=\skip94
\f@nch@offset@orh=\skip95
\f@nch@offset@elf=\skip96
\f@nch@offset@erf=\skip97
\f@nch@offset@olf=\skip98
\f@nch@offset@orf=\skip99
\f@nch@height=\skip100
\f@nch@footalignment=\skip101
\f@nch@widthL=\skip102
\f@nch@widthC=\skip103
\f@nch@widthR=\skip104
\@temptokenb=\toks21
) (C:\Users\User\AppData\Local\Programs\MiKTeX\tex/latex/titlesec\titlesec.sty
Package: titlesec 2025/01/04 v2.17 Sectioning titles
\ttl@box=\box54
\beforetitleunit=\skip105
\aftertitleunit=\skip106
\ttl@plus=\dimen159
\ttl@minus=\dimen160
\ttl@toksa=\toks22
\titlewidth=\dimen161
\titlewidthlast=\dimen162
\titlewidthfirst=\dimen163
)
(C:\Users\User\AppData\Local\Programs\MiKTeX\tex/latex/float\float.sty
Package: float 2001/11/08 v1.3d Float enhancements (AL)
\c@float@type=\count298
\float@exts=\toks23
\float@box=\box55
\@float@everytoks=\toks24
\@floatcapt=\box56
)
(C:\Users\User\AppData\Local\Programs\MiKTeX\tex/latex/setspace\setspace.sty
Package: setspace 2022/12/04 v6.7b set line spacing
)
(C:\Users\User\AppData\Local\Programs\MiKTeX\tex/latex/hyperref\hyperref.sty
Package: hyperref 2025-07-12 v7.01o Hypertext links for LaTeX

(C:\Users\User\AppData\Local\Programs\MiKTeX\tex/latex/kvsetkeys\kvsetkeys.sty
Package: kvsetkeys 2022-10-05 v1.19 Key value parser (HO)
)
(C:\Users\User\AppData\Local\Programs\MiKTeX\tex/generic/kvdefinekeys\kvdefinek
eys.sty
Package: kvdefinekeys 2019-12-19 v1.6 Define keys (HO)
)
(C:\Users\User\AppData\Local\Programs\MiKTeX\tex/generic/pdfescape\pdfescape.st
y
Package: pdfescape 2019/12/09 v1.15 Implements pdfTeX's escape features (HO)
 (C:\Users\User\AppData\Local\Programs\MiKTeX\tex/generic/ltxcmds\ltxcmds.sty
Package: ltxcmds 2023-12-04 v1.26 LaTeX kernel commands for general use (HO)
)
(C:\Users\User\AppData\Local\Programs\MiKTeX\tex/generic/pdftexcmds\pdftexcmds.
sty
Package: pdftexcmds 2020-06-27 v0.33 Utility functions of pdfTeX for LuaTeX (HO
)

(C:\Users\User\AppData\Local\Programs\MiKTeX\tex/generic/infwarerr\infwarerr.st
y
Package: infwarerr 2019/12/03 v1.5 Providing info/warning/error messages (HO)
)
Package pdftexcmds Info: \pdf@primitive is available.
Package pdftexcmds Info: \pdf@ifprimitive is available.
Package pdftexcmds Info: \pdfdraftmode found.
)) (C:\Users\User\AppData\Local\Programs\MiKTeX\tex/latex/hycolor\hycolor.sty
Package: hycolor 2020-01-27 v1.10 Color options for hyperref/bookmark (HO)
) (C:\Users\User\AppData\Local\Programs\MiKTeX\tex/latex/hyperref\nameref.sty
Package: nameref 2025-06-21 v2.57 Cross-referencing by name of section

(C:\Users\User\AppData\Local\Programs\MiKTeX\tex/latex/refcount\refcount.sty
Package: refcount 2019/12/15 v3.6 Data extraction from label references (HO)
)
(C:\Users\User\AppData\Local\Programs\MiKTeX\tex/generic/gettitlestring\gettitl
estring.sty
Package: gettitlestring 2019/12/15 v1.6 Cleanup title references (HO)

(C:\Users\User\AppData\Local\Programs\MiKTeX\tex/latex/kvoptions\kvoptions.sty
Package: kvoptions 2022-06-15 v3.15 Key value format for package options (HO)
))
\c@section@level=\count299
)
(C:\Users\User\AppData\Local\Programs\MiKTeX\tex/generic/stringenc\stringenc.st
y
Package: stringenc 2019/11/29 v1.12 Convert strings between diff. encodings (HO
)
)
\@linkdim=\dimen164
\Hy@linkcounter=\count300
\Hy@pagecounter=\count301
 (C:\Users\User\AppData\Local\Programs\MiKTeX\tex/latex/hyperref\pd1enc.def
File: pd1enc.def 2025-07-12 v7.01o Hyperref: PDFDocEncoding definition (HO)
Now handling font encoding PD1 ...
... no UTF-8 mapping file for font encoding PD1
)
(C:\Users\User\AppData\Local\Programs\MiKTeX\tex/generic/intcalc\intcalc.sty
Package: intcalc 2019/12/15 v1.3 Expandable calculations with integers (HO)
)
\Hy@SavedSpaceFactor=\count302

(C:\Users\User\AppData\Local\Programs\MiKTeX\tex/latex/hyperref\puenc.def
File: puenc.def 2025-07-12 v7.01o Hyperref: PDF Unicode definition (HO)
Now handling font encoding PU ...
... no UTF-8 mapping file for font encoding PU
)
Package hyperref Info: Option `plainpages' set `false' on input line 4066.
Package hyperref Info: Option `pdfpagelabels' set `true' on input line 4066.
Package hyperref Info: Option `unicode' set `true' on input line 4066.
Package hyperref Info: Hyper figures OFF on input line 4195.
Package hyperref Info: Link nesting OFF on input line 4200.
Package hyperref Info: Hyper index ON on input line 4203.
Package hyperref Info: Plain pages OFF on input line 4210.
Package hyperref Info: Backreferencing OFF on input line 4215.
Package hyperref Info: Implicit mode ON; LaTeX internals redefined.
Package hyperref Info: Bookmarks ON on input line 4462.
\c@Hy@tempcnt=\count303

(C:\Users\User\AppData\Local\Programs\MiKTeX\tex/latex/url\url.sty
\Urlmuskip=\muskip17
Package: url 2013/09/16  ver 3.4  Verb mode for urls, etc.
)
LaTeX Info: Redefining \url on input line 4801.
\XeTeXLinkMargin=\dimen165

(C:\Users\User\AppData\Local\Programs\MiKTeX\tex/generic/bitset\bitset.sty
Package: bitset 2019/12/09 v1.3 Handle bit-vector datatype (HO)

(C:\Users\User\AppData\Local\Programs\MiKTeX\tex/generic/bigintcalc\bigintcalc.
sty
Package: bigintcalc 2019/12/15 v1.5 Expandable calculations on big integers (HO
)
))
\Fld@menulength=\count304
\Field@Width=\dimen166
\Fld@charsize=\dimen167
Package hyperref Info: Hyper figures OFF on input line 6078.
Package hyperref Info: Link nesting OFF on input line 6083.
Package hyperref Info: Hyper index ON on input line 6086.
Package hyperref Info: backreferencing OFF on input line 6093.
Package hyperref Info: Link coloring OFF on input line 6098.
Package hyperref Info: Link coloring with OCG OFF on input line 6103.
Package hyperref Info: PDF/A mode OFF on input line 6108.
\Hy@abspage=\count305
\c@Item=\count306
\c@Hfootnote=\count307
)
Package hyperref Info: Driver (autodetected): hpdftex.

(C:\Users\User\AppData\Local\Programs\MiKTeX\tex/latex/hyperref\hpdftex.def
File: hpdftex.def 2025-07-12 v7.01o Hyperref driver for pdfTeX
\Fld@listcount=\count308
\c@bookmark@seq@number=\count309

(C:\Users\User\AppData\Local\Programs\MiKTeX\tex/latex/rerunfilecheck\rerunfile
check.sty
Package: rerunfilecheck 2025-06-21 v1.11 Rerun checks for auxiliary files (HO)

(C:\Users\User\AppData\Local\Programs\MiKTeX\tex/generic/uniquecounter\uniqueco
unter.sty
Package: uniquecounter 2019/12/15 v1.4 Provide unlimited unique counter (HO)
)
Package uniquecounter Info: New unique counter `rerunfilecheck' on input line 2
84.
)
\Hy@SectionHShift=\skip107
)
(C:\Users\User\AppData\Local\Programs\MiKTeX\tex/latex/lineno\lineno.sty
Package: lineno 2025/05/13 line numbers on paragraphs v5.5
\linenopenalty=\count310
\output=\toks25
\linenoprevgraf=\count311
\linenumbersep=\dimen168
\linenumberwidth=\dimen169
\c@linenumber=\count312
\c@pagewiselinenumber=\count313
\c@LN@truepage=\count314
\c@internallinenumber=\count315
\c@internallinenumbers=\count316
\quotelinenumbersep=\dimen170
\bframerule=\dimen171
\bframesep=\dimen172
\bframebox=\box57
)
(C:\Users\User\AppData\Local\Programs\MiKTeX\tex/latex/emptypage\emptypage.sty
Package: emptypage 2010/05/30 v1.2 Suppress page numbers and headings on empty 
pages
) (C:\Users\User\AppData\Local\Programs\MiKTeX\tex/latex/graphics\graphicx.sty
Package: graphicx 2024/12/31 v1.2e Enhanced LaTeX Graphics (DPC,SPQR)

(C:\Users\User\AppData\Local\Programs\MiKTeX\tex/latex/graphics\graphics.sty
Package: graphics 2024/08/06 v1.4g Standard LaTeX Graphics (DPC,SPQR)

(C:\Users\User\AppData\Local\Programs\MiKTeX\tex/latex/graphics\trig.sty
Package: trig 2023/12/02 v1.11 sin cos tan (DPC)
)
(C:\Users\User\AppData\Local\Programs\MiKTeX\tex/latex/graphics-cfg\graphics.cf
g
File: graphics.cfg 2016/06/04 v1.11 sample graphics configuration
)
Package graphics Info: Driver file: pdftex.def on input line 106.

(C:\Users\User\AppData\Local\Programs\MiKTeX\tex/latex/graphics-def\pdftex.def
File: pdftex.def 2024/04/13 v1.2c Graphics/color driver for pdftex
))
\Gin@req@height=\dimen173
\Gin@req@width=\dimen174
) (C:\Users\User\AppData\Local\Programs\MiKTeX\tex/latex/listings\listings.sty
\lst@mode=\count317
\lst@gtempboxa=\box58
\lst@token=\toks26
\lst@length=\count318
\lst@currlwidth=\dimen175
\lst@column=\count319
\lst@pos=\count320
\lst@lostspace=\dimen176
\lst@width=\dimen177
\lst@newlines=\count321
\lst@lineno=\count322
\lst@maxwidth=\dimen178
(C:\Users\User\AppData\Local\Programs\MiKTeX\tex/latex/listings\lstpatch.sty
File: lstpatch.sty 2024/09/23 1.10c (Carsten Heinz)
)
(C:\Users\User\AppData\Local\Programs\MiKTeX\tex/latex/listings\lstmisc.sty
File: lstmisc.sty 2024/09/23 1.10c (Carsten Heinz)
\c@lstnumber=\count323
\lst@skipnumbers=\count324
\lst@framebox=\box59
)
(C:\Users\User\AppData\Local\Programs\MiKTeX\tex/latex/listings\listings.cfg
File: listings.cfg 2024/09/23 1.10c listings configuration
))
Package: listings 2024/09/23 1.10c (Carsten Heinz)

(C:\Users\User\AppData\Local\Programs\MiKTeX\tex/latex/xstring\xstring.sty
(C:\Users\User\AppData\Local\Programs\MiKTeX\tex/generic/xstring\xstring.tex
\xs_counta=\count325
\xs_countb=\count326
)
Package: xstring 2023/08/22 v1.86 String manipulations (CT)
)
(C:\Users\User\AppData\Local\Programs\MiKTeX\tex/latex/xcolor\xcolor.sty
Package: xcolor 2024/09/29 v3.02 LaTeX color extensions (UK)

(C:\Users\User\AppData\Local\Programs\MiKTeX\tex/latex/graphics-cfg\color.cfg
File: color.cfg 2016/01/02 v1.6 sample color configuration
)
Package xcolor Info: Driver file: pdftex.def on input line 274.

(C:\Users\User\AppData\Local\Programs\MiKTeX\tex/latex/graphics\mathcolor.ltx)
Package xcolor Info: Model `cmy' substituted by `cmy0' on input line 1349.
Package xcolor Info: Model `hsb' substituted by `rgb' on input line 1353.
Package xcolor Info: Model `RGB' extended on input line 1365.
Package xcolor Info: Model `HTML' substituted by `rgb' on input line 1367.
Package xcolor Info: Model `Hsb' substituted by `hsb' on input line 1368.
Package xcolor Info: Model `tHsb' substituted by `hsb' on input line 1369.
Package xcolor Info: Model `HSB' substituted by `hsb' on input line 1370.
Package xcolor Info: Model `Gray' substituted by `gray' on input line 1371.
Package xcolor Info: Model `wave' substituted by `hsb' on input line 1372.
) (C:\Users\User\AppData\Local\Programs\MiKTeX\tex/latex/colortbl\colortbl.sty
Package: colortbl 2024/10/29 v1.0k Color table columns (DPC)

(C:\Users\User\AppData\Local\Programs\MiKTeX\tex/latex/tools\array.sty
Package: array 2025/06/08 v2.6j Tabular extension package (FMi)
\col@sep=\dimen179
\ar@mcellbox=\box60
\extrarowheight=\dimen180
\NC@list=\toks27
\extratabsurround=\skip108
\backup@length=\skip109
\ar@cellbox=\box61
)
\everycr=\toks28
\minrowclearance=\skip110
\rownum=\count327
)
(C:\Users\User\AppData\Local\Programs\MiKTeX\tex/latex/pgf/utilities\pgffor.sty

(C:\Users\User\AppData\Local\Programs\MiKTeX\tex/latex/pgf/utilities\pgfrcs.sty

(C:\Users\User\AppData\Local\Programs\MiKTeX\tex/generic/pgf/utilities\pgfutil-
common.tex
\pgfutil@everybye=\toks29
\pgfutil@tempdima=\dimen181
\pgfutil@tempdimb=\dimen182
)
(C:\Users\User\AppData\Local\Programs\MiKTeX\tex/generic/pgf/utilities\pgfutil-
latex.def
\pgfutil@abb=\box62
)
(C:\Users\User\AppData\Local\Programs\MiKTeX\tex/generic/pgf/utilities\pgfrcs.c
ode.tex
(C:\Users\User\AppData\Local\Programs\MiKTeX\tex/generic/pgf\pgf.revision.tex)
Package: pgfrcs 2025-08-29 v3.1.11a (3.1.11a)
))
(C:\Users\User\AppData\Local\Programs\MiKTeX\tex/latex/pgf/utilities\pgfkeys.st
y
(C:\Users\User\AppData\Local\Programs\MiKTeX\tex/generic/pgf/utilities\pgfkeys.
code.tex
\pgfkeys@pathtoks=\toks30
\pgfkeys@temptoks=\toks31

(C:\Users\User\AppData\Local\Programs\MiKTeX\tex/generic/pgf/utilities\pgfkeysl
ibraryfiltered.code.tex
\pgfkeys@tmptoks=\toks32
)))
(C:\Users\User\AppData\Local\Programs\MiKTeX\tex/latex/pgf/math\pgfmath.sty
(C:\Users\User\AppData\Local\Programs\MiKTeX\tex/generic/pgf/math\pgfmath.code.
tex
(C:\Users\User\AppData\Local\Programs\MiKTeX\tex/generic/pgf/math\pgfmathutil.c
ode.tex
\pgf@x=\dimen183
\pgf@xa=\dimen184
\pgf@xb=\dimen185
\pgf@xc=\dimen186
\pgf@y=\dimen187
\pgf@ya=\dimen188
\pgf@yb=\dimen189
\pgf@yc=\dimen190
\c@pgf@counta=\count328
\c@pgf@countb=\count329
\c@pgf@countc=\count330
\c@pgf@countd=\count331
)
(C:\Users\User\AppData\Local\Programs\MiKTeX\tex/generic/pgf/math\pgfmathparser
.code.tex
\pgfmath@dimen=\dimen191
\pgfmath@count=\count332
\pgfmath@box=\box63
\pgfmath@toks=\toks33
\pgfmath@stack@operand=\toks34
\pgfmath@stack@operation=\toks35
)
(C:\Users\User\AppData\Local\Programs\MiKTeX\tex/generic/pgf/math\pgfmathfuncti
ons.code.tex)
(C:\Users\User\AppData\Local\Programs\MiKTeX\tex/generic/pgf/math\pgfmathfuncti
ons.basic.code.tex)
(C:\Users\User\AppData\Local\Programs\MiKTeX\tex/generic/pgf/math\pgfmathfuncti
ons.trigonometric.code.tex)
(C:\Users\User\AppData\Local\Programs\MiKTeX\tex/generic/pgf/math\pgfmathfuncti
ons.random.code.tex)
(C:\Users\User\AppData\Local\Programs\MiKTeX\tex/generic/pgf/math\pgfmathfuncti
ons.comparison.code.tex)
(C:\Users\User\AppData\Local\Programs\MiKTeX\tex/generic/pgf/math\pgfmathfuncti
ons.base.code.tex)
(C:\Users\User\AppData\Local\Programs\MiKTeX\tex/generic/pgf/math\pgfmathfuncti
ons.round.code.tex)
(C:\Users\User\AppData\Local\Programs\MiKTeX\tex/generic/pgf/math\pgfmathfuncti
ons.misc.code.tex)
(C:\Users\User\AppData\Local\Programs\MiKTeX\tex/generic/pgf/math\pgfmathfuncti
ons.integerarithmetics.code.tex)
(C:\Users\User\AppData\Local\Programs\MiKTeX\tex/generic/pgf/math\pgfmathcalc.c
ode.tex)
(C:\Users\User\AppData\Local\Programs\MiKTeX\tex/generic/pgf/math\pgfmathfloat.
code.tex
\c@pgfmathroundto@lastzeros=\count333
)))
(C:\Users\User\AppData\Local\Programs\MiKTeX\tex/generic/pgf/utilities\pgffor.c
ode.tex
Package: pgffor 2025-08-29 v3.1.11a (3.1.11a)
\pgffor@iter=\dimen192
\pgffor@skip=\dimen193
\pgffor@stack=\toks36
\pgffor@toks=\toks37
)) (.sty/digsig.sty
Package: .sty/digsig 2015/06/07 Digital signature fields for PDF
)
(C:\Users\User\AppData\Local\Programs\MiKTeX\tex/latex/nomencl\nomencl.sty
Package: nomencl 2021/11/10 v5.6 Nomenclature package

(C:\Users\User\AppData\Local\Programs\MiKTeX\tex/latex/xkeyval\xkeyval.sty
Package: xkeyval 2022/06/16 v2.9 package option processing (HA)

(C:\Users\User\AppData\Local\Programs\MiKTeX\tex/generic/xkeyval\xkeyval.tex
(C:\Users\User\AppData\Local\Programs\MiKTeX\tex/generic/xkeyval\xkvutils.tex
\XKV@toks=\toks38
\XKV@tempa@toks=\toks39
)
\XKV@depth=\count334
File: xkeyval.tex 2014/12/03 v2.7a key=value parser (HA)
)) (C:\Users\User\AppData\Local\Programs\MiKTeX\tex/latex/base\ifthen.sty
Package: ifthen 2024/03/16 v1.1e Standard LaTeX ifthen package (DPC)
)
(C:\Users\User\AppData\Local\Programs\MiKTeX\tex/latex/koma-script\tocbasic.sty
Package: tocbasic 2025/09/09 v3.48 KOMA-Script package (handling toc-files)
(C:\Users\User\AppData\Local\Programs\MiKTeX\tex/latex/koma-script\scrbase.sty
Package: scrbase 2025/09/09 v3.48 KOMA-Script package (KOMA-Script-independent 
basics and keyval usage)

(C:\Users\User\AppData\Local\Programs\MiKTeX\tex/latex/koma-script\scrlfile.sty
Package: scrlfile 2025/09/09 v3.48 KOMA-Script package (file load hooks)

(C:\Users\User\AppData\Local\Programs\MiKTeX\tex/latex/koma-script\scrlfile-hoo
k.sty
Package: scrlfile-hook 2025/09/09 v3.48 KOMA-Script package (using LaTeX hooks)


(C:\Users\User\AppData\Local\Programs\MiKTeX\tex/latex/koma-script\scrlogo.sty
Package: scrlogo 2025/09/09 v3.48 KOMA-Script package (logo)
)))
Applying: [2021/05/01] Usage of raw or classic option list on input line 254.
Already applied: [0000/00/00] Usage of raw or classic option list on input line
 370.
)
\scr@dte@tocline@numberwidth=\skip111
\scr@dte@tocline@numbox=\box64
)
Package tocbasic Info: setting babel extension for `nlo' on input line 187.
Package tocbasic Info: setting babel extension for `nls' on input line 188.
\nomlabelwidth=\dimen194
\nom@tempdim=\dimen195
\nomitemsep=\skip112
)

LaTeX Warning: \include should only be used after \begin{document} on input lin
e 93.

(dosen.tex)
Package hyperref Info: Option `unicode' set `true' on input line 209.
Package hyperref Info: Option `colorlinks' set `true' on input line 209.
\@nomenclaturefile=\write3
\openout3 = `skripsi.nlo'.

Package nomencl Info: Writing nomenclature file skripsi.nlo on input line 231.


LaTeX Warning: \include should only be used after \begin{document} on input lin
e 267.

(data.tex
(C:\Users\User\AppData\Local\Programs\MiKTeX\tex/latex/booktabs\booktabs.sty
Package: booktabs 2020/01/12 v1.61803398 Publication quality tables
\heavyrulewidth=\dimen196
\lightrulewidth=\dimen197
\cmidrulewidth=\dimen198
\belowrulesep=\dimen199
\belowbottomsep=\dimen256
\aboverulesep=\dimen257
\abovetopsep=\dimen258
\cmidrulesep=\dimen259
\cmidrulekern=\dimen260
\defaultaddspace=\dimen261
\@cmidla=\count335
\@cmidlb=\count336
\@aboverulesep=\dimen262
\@belowrulesep=\dimen263
\@thisruleclass=\count337
\@lastruleclass=\count338
\@thisrulewidth=\dimen264
)
(C:\Users\User\AppData\Local\Programs\MiKTeX\tex/latex/tools\longtable.sty
Package: longtable 2024-12-18 v4.23 Multi-page Table package (DPC)
\LTleft=\skip113
\LTright=\skip114
\LTpre=\skip115
\LTpost=\skip116
\LTchunksize=\count339
\LTcapwidth=\dimen265
\LT@head=\box65
\LT@firsthead=\box66
\LT@foot=\box67
\LT@lastfoot=\box68
\LT@gbox=\box69
\LT@cols=\count340
\LT@rows=\count341
\c@LT@tables=\count342
\c@LT@chunks=\count343
\LT@p@ftn=\toks40
)
(C:\Users\User\AppData\Local\Programs\MiKTeX\tex/latex/amsfonts\amssymb.sty
Package: amssymb 2013/01/14 v3.01 AMS font symbols

(C:\Users\User\AppData\Local\Programs\MiKTeX\tex/latex/amsfonts\amsfonts.sty
Package: amsfonts 2013/01/14 v3.01 Basic AMSFonts support
\@emptytoks=\toks41
\symAMSa=\mathgroup4
\symAMSb=\mathgroup5
LaTeX Font Info:    Redeclaring math symbol \hbar on input line 98.
LaTeX Font Info:    Overwriting math alphabet `\mathfrak' in version `bold'
(Font)                  U/euf/m/n --> U/euf/b/n on input line 106.
))
(C:\Users\User\AppData\Local\Programs\MiKTeX\tex/latex/todo\todo.sty
Package: todo 2010/03/31 v2.4142 To-do list (Federico Garcia)
\@todotoks=\toks42
\c@todo=\count344
)
(C:\Users\User\AppData\Local\Programs\MiKTeX\tex/latex/tools\verbatim.sty
Package: verbatim 2024-01-22 v1.5x LaTeX2e package for verbatim enhancements
\every@verbatim=\toks43
\verbatim@line=\toks44
\verbatim@in@stream=\read3
)
(C:\Users\User\AppData\Local\Programs\MiKTeX\tex/latex/pgfplots\pgfplots.sty
(C:\Users\User\AppData\Local\Programs\MiKTeX\tex/generic/pgfplots\pgfplots.revi
sion.tex)
Package: pgfplots 2021/05/15 v1.18.1 Data Visualization (1.18.1)

(C:\Users\User\AppData\Local\Programs\MiKTeX\tex/latex/pgf/frontendlayer\tikz.s
ty
(C:\Users\User\AppData\Local\Programs\MiKTeX\tex/latex/pgf/basiclayer\pgf.sty
Package: pgf 2025-08-29 v3.1.11a (3.1.11a)

(C:\Users\User\AppData\Local\Programs\MiKTeX\tex/latex/pgf/basiclayer\pgfcore.s
ty
(C:\Users\User\AppData\Local\Programs\MiKTeX\tex/latex/pgf/systemlayer\pgfsys.s
ty
(C:\Users\User\AppData\Local\Programs\MiKTeX\tex/generic/pgf/systemlayer\pgfsys
.code.tex
Package: pgfsys 2025-08-29 v3.1.11a (3.1.11a)
\pgf@x=\dimen266
\pgf@y=\dimen267
\pgf@xa=\dimen268
\pgf@ya=\dimen269
\pgf@xb=\dimen270
\pgf@yb=\dimen271
\pgf@xc=\dimen272
\pgf@yc=\dimen273
\pgf@xd=\dimen274
\pgf@yd=\dimen275
\w@pgf@writea=\write4
\r@pgf@reada=\read4
\c@pgf@counta=\count345
\c@pgf@countb=\count346
\c@pgf@countc=\count347
\c@pgf@countd=\count348
\t@pgf@toka=\toks45
\t@pgf@tokb=\toks46
\t@pgf@tokc=\toks47
\pgf@sys@id@count=\count349

(C:\Users\User\AppData\Local\Programs\MiKTeX\tex/generic/pgf/systemlayer\pgf.cf
g
File: pgf.cfg 2025-08-29 v3.1.11a (3.1.11a)
)
Driver file for pgf: pgfsys-pdftex.def

(C:\Users\User\AppData\Local\Programs\MiKTeX\tex/generic/pgf/systemlayer\pgfsys
-pdftex.def
File: pgfsys-pdftex.def 2025-08-29 v3.1.11a (3.1.11a)

(C:\Users\User\AppData\Local\Programs\MiKTeX\tex/generic/pgf/systemlayer\pgfsys
-common-pdf.def
File: pgfsys-common-pdf.def 2025-08-29 v3.1.11a (3.1.11a)
)))
(C:\Users\User\AppData\Local\Programs\MiKTeX\tex/generic/pgf/systemlayer\pgfsys
softpath.code.tex
File: pgfsyssoftpath.code.tex 2025-08-29 v3.1.11a (3.1.11a)
\pgfsyssoftpath@smallbuffer@items=\count350
\pgfsyssoftpath@bigbuffer@items=\count351
)
(C:\Users\User\AppData\Local\Programs\MiKTeX\tex/generic/pgf/systemlayer\pgfsys
protocol.code.tex
File: pgfsysprotocol.code.tex 2025-08-29 v3.1.11a (3.1.11a)
))
(C:\Users\User\AppData\Local\Programs\MiKTeX\tex/generic/pgf/basiclayer\pgfcore
.code.tex
Package: pgfcore 2025-08-29 v3.1.11a (3.1.11a)

(C:\Users\User\AppData\Local\Programs\MiKTeX\tex/generic/pgf/math\pgfint.code.t
ex)
(C:\Users\User\AppData\Local\Programs\MiKTeX\tex/generic/pgf/basiclayer\pgfcore
points.code.tex
File: pgfcorepoints.code.tex 2025-08-29 v3.1.11a (3.1.11a)
\pgf@picminx=\dimen276
\pgf@picmaxx=\dimen277
\pgf@picminy=\dimen278
\pgf@picmaxy=\dimen279
\pgf@pathminx=\dimen280
\pgf@pathmaxx=\dimen281
\pgf@pathminy=\dimen282
\pgf@pathmaxy=\dimen283
\pgf@xx=\dimen284
\pgf@xy=\dimen285
\pgf@yx=\dimen286
\pgf@yy=\dimen287
\pgf@zx=\dimen288
\pgf@zy=\dimen289
)
(C:\Users\User\AppData\Local\Programs\MiKTeX\tex/generic/pgf/basiclayer\pgfcore
pathconstruct.code.tex
File: pgfcorepathconstruct.code.tex 2025-08-29 v3.1.11a (3.1.11a)
\pgf@path@lastx=\dimen290
\pgf@path@lasty=\dimen291
)
(C:\Users\User\AppData\Local\Programs\MiKTeX\tex/generic/pgf/basiclayer\pgfcore
pathusage.code.tex
File: pgfcorepathusage.code.tex 2025-08-29 v3.1.11a (3.1.11a)
\pgf@shorten@end@additional=\dimen292
\pgf@shorten@start@additional=\dimen293
)
(C:\Users\User\AppData\Local\Programs\MiKTeX\tex/generic/pgf/basiclayer\pgfcore
scopes.code.tex
File: pgfcorescopes.code.tex 2025-08-29 v3.1.11a (3.1.11a)
\pgfpic=\box70
\pgf@hbox=\box71
\pgf@layerbox@main=\box72
\pgf@picture@serial@count=\count352
)
(C:\Users\User\AppData\Local\Programs\MiKTeX\tex/generic/pgf/basiclayer\pgfcore
graphicstate.code.tex
File: pgfcoregraphicstate.code.tex 2025-08-29 v3.1.11a (3.1.11a)
\pgflinewidth=\dimen294
)
(C:\Users\User\AppData\Local\Programs\MiKTeX\tex/generic/pgf/basiclayer\pgfcore
transformations.code.tex
File: pgfcoretransformations.code.tex 2025-08-29 v3.1.11a (3.1.11a)
\pgf@pt@x=\dimen295
\pgf@pt@y=\dimen296
\pgf@pt@temp=\dimen297
)
(C:\Users\User\AppData\Local\Programs\MiKTeX\tex/generic/pgf/basiclayer\pgfcore
quick.code.tex
File: pgfcorequick.code.tex 2025-08-29 v3.1.11a (3.1.11a)
)
(C:\Users\User\AppData\Local\Programs\MiKTeX\tex/generic/pgf/basiclayer\pgfcore
objects.code.tex
File: pgfcoreobjects.code.tex 2025-08-29 v3.1.11a (3.1.11a)
)
(C:\Users\User\AppData\Local\Programs\MiKTeX\tex/generic/pgf/basiclayer\pgfcore
pathprocessing.code.tex
File: pgfcorepathprocessing.code.tex 2025-08-29 v3.1.11a (3.1.11a)
)
(C:\Users\User\AppData\Local\Programs\MiKTeX\tex/generic/pgf/basiclayer\pgfcore
arrows.code.tex
File: pgfcorearrows.code.tex 2025-08-29 v3.1.11a (3.1.11a)
\pgfarrowsep=\dimen298
)
(C:\Users\User\AppData\Local\Programs\MiKTeX\tex/generic/pgf/basiclayer\pgfcore
shade.code.tex
File: pgfcoreshade.code.tex 2025-08-29 v3.1.11a (3.1.11a)
\pgf@max=\dimen299
\pgf@sys@shading@range@num=\count353
\pgf@shadingcount=\count354
)
(C:\Users\User\AppData\Local\Programs\MiKTeX\tex/generic/pgf/basiclayer\pgfcore
image.code.tex
File: pgfcoreimage.code.tex 2025-08-29 v3.1.11a (3.1.11a)
)
(C:\Users\User\AppData\Local\Programs\MiKTeX\tex/generic/pgf/basiclayer\pgfcore
external.code.tex
File: pgfcoreexternal.code.tex 2025-08-29 v3.1.11a (3.1.11a)
\pgfexternal@startupbox=\box73
)
(C:\Users\User\AppData\Local\Programs\MiKTeX\tex/generic/pgf/basiclayer\pgfcore
layers.code.tex
File: pgfcorelayers.code.tex 2025-08-29 v3.1.11a (3.1.11a)
)
(C:\Users\User\AppData\Local\Programs\MiKTeX\tex/generic/pgf/basiclayer\pgfcore
transparency.code.tex
File: pgfcoretransparency.code.tex 2025-08-29 v3.1.11a (3.1.11a)
)
(C:\Users\User\AppData\Local\Programs\MiKTeX\tex/generic/pgf/basiclayer\pgfcore
patterns.code.tex
File: pgfcorepatterns.code.tex 2025-08-29 v3.1.11a (3.1.11a)
)
(C:\Users\User\AppData\Local\Programs\MiKTeX\tex/generic/pgf/basiclayer\pgfcore
rdf.code.tex
File: pgfcorerdf.code.tex 2025-08-29 v3.1.11a (3.1.11a)
)))
(C:\Users\User\AppData\Local\Programs\MiKTeX\tex/generic/pgf/modules\pgfmodules
hapes.code.tex
File: pgfmoduleshapes.code.tex 2025-08-29 v3.1.11a (3.1.11a)
\pgfnodeparttextbox=\box74
)
(C:\Users\User\AppData\Local\Programs\MiKTeX\tex/generic/pgf/modules\pgfmodulep
lot.code.tex
File: pgfmoduleplot.code.tex 2025-08-29 v3.1.11a (3.1.11a)
)
(C:\Users\User\AppData\Local\Programs\MiKTeX\tex/latex/pgf/compatibility\pgfcom
p-version-0-65.sty
Package: pgfcomp-version-0-65 2025-08-29 v3.1.11a (3.1.11a)
\pgf@nodesepstart=\dimen300
\pgf@nodesepend=\dimen301
)
(C:\Users\User\AppData\Local\Programs\MiKTeX\tex/latex/pgf/compatibility\pgfcom
p-version-1-18.sty
Package: pgfcomp-version-1-18 2025-08-29 v3.1.11a (3.1.11a)
))
(C:\Users\User\AppData\Local\Programs\MiKTeX\tex/generic/pgf/frontendlayer/tikz
\tikz.code.tex
Package: tikz 2025-08-29 v3.1.11a (3.1.11a)

(C:\Users\User\AppData\Local\Programs\MiKTeX\tex/generic/pgf/libraries\pgflibra
ryplothandlers.code.tex
File: pgflibraryplothandlers.code.tex 2025-08-29 v3.1.11a (3.1.11a)
\pgf@plot@mark@count=\count355
\pgfplotmarksize=\dimen302
)
\tikz@lastx=\dimen303
\tikz@lasty=\dimen304
\tikz@lastxsaved=\dimen305
\tikz@lastysaved=\dimen306
\tikz@lastmovetox=\dimen307
\tikz@lastmovetoy=\dimen308
\tikzleveldistance=\dimen309
\tikzsiblingdistance=\dimen310
\tikz@figbox=\box75
\tikz@figbox@bg=\box76
\tikz@tempbox=\box77
\tikz@tempbox@bg=\box78
\tikztreelevel=\count356
\tikznumberofchildren=\count357
\tikznumberofcurrentchild=\count358
\tikz@fig@count=\count359

(C:\Users\User\AppData\Local\Programs\MiKTeX\tex/generic/pgf/modules\pgfmodulem
atrix.code.tex
File: pgfmodulematrix.code.tex 2025-08-29 v3.1.11a (3.1.11a)
\pgfmatrixcurrentrow=\count360
\pgfmatrixcurrentcolumn=\count361
\pgf@matrix@numberofcolumns=\count362
)
\tikz@expandcount=\count363

(C:\Users\User\AppData\Local\Programs\MiKTeX\tex/generic/pgf/frontendlayer/tikz
/libraries\tikzlibrarytopaths.code.tex
File: tikzlibrarytopaths.code.tex 2025-08-29 v3.1.11a (3.1.11a)
)))
(C:\Users\User\AppData\Local\Programs\MiKTeX\tex/generic/pgfplots\pgfplots.code
.tex
(C:\Users\User\AppData\Local\Programs\MiKTeX\tex/generic/pgfplots\pgfplotscore.
code.tex
\t@pgfplots@toka=\toks48
\t@pgfplots@tokb=\toks49
\t@pgfplots@tokc=\toks50
\pgfplots@tmpa=\dimen311
\c@pgfplots@coordindex=\count364
\c@pgfplots@scanlineindex=\count365

(C:\Users\User\AppData\Local\Programs\MiKTeX\tex/generic/pgfplots/sys\pgfplotss
ysgeneric.code.tex))
(C:\Users\User\AppData\Local\Programs\MiKTeX\tex/generic/pgfplots/libs\pgfplots
library.code.tex)
(C:\Users\User\AppData\Local\Programs\MiKTeX\tex/generic/pgfplots/oldpgfcompati
b\pgfplotsoldpgfsupp_loader.code.tex
(C:\Users\User\AppData\Local\Programs\MiKTeX\tex/generic/pgf/libraries\pgflibra
ryfpu.code.tex)
Package pgfplots: loading complementary utilities for your pgf version...
\t@pgf@toka=\toks51
\t@pgf@tokb=\toks52
\t@pgf@tokc=\toks53

(C:\Users\User\AppData\Local\Programs\MiKTeX\tex/generic/pgfplots/oldpgfcompati
b\pgfplotsoldpgfsupp_pgfutil-common-lists.tex))
(C:\Users\User\AppData\Local\Programs\MiKTeX\tex/generic/pgfplots/util\pgfplots
util.code.tex
(C:\Users\User\AppData\Local\Programs\MiKTeX\tex/generic/pgfplots/liststructure
\pgfplotsliststructure.code.tex)
(C:\Users\User\AppData\Local\Programs\MiKTeX\tex/generic/pgfplots/liststructure
\pgfplotsliststructureext.code.tex)
(C:\Users\User\AppData\Local\Programs\MiKTeX\tex/generic/pgfplots/liststructure
\pgfplotsarray.code.tex
\c@pgfplotsarray@tmp=\count366
)
(C:\Users\User\AppData\Local\Programs\MiKTeX\tex/generic/pgfplots/liststructure
\pgfplotsmatrix.code.tex)
(C:\Users\User\AppData\Local\Programs\MiKTeX\tex/generic/pgfplots/numtable\pgfp
lotstableshared.code.tex
\c@pgfplotstable@counta=\count367
\t@pgfplotstable@a=\toks54
)
(C:\Users\User\AppData\Local\Programs\MiKTeX\tex/generic/pgfplots/liststructure
\pgfplotsdeque.code.tex)
(C:\Users\User\AppData\Local\Programs\MiKTeX\tex/generic/pgfplots/util\pgfplots
binary.code.tex
(C:\Users\User\AppData\Local\Programs\MiKTeX\tex/generic/pgfplots/util\pgfplots
binary.data.code.tex))
(C:\Users\User\AppData\Local\Programs\MiKTeX\tex/generic/pgfplots/util\pgfplots
util.verb.code.tex)
(C:\Users\User\AppData\Local\Programs\MiKTeX\tex/generic/pgfplots/libs\pgflibra
rypgfplots.surfshading.code.tex
\c@pgfplotslibrarysurf@no=\count368

(C:\Users\User\AppData\Local\Programs\MiKTeX\tex/generic/pgfplots/sys\pgflibrar
ypgfplots.surfshading.pgfsys-pdftex.def)))
(C:\Users\User\AppData\Local\Programs\MiKTeX\tex/generic/pgfplots/util\pgfplots
colormap.code.tex
(C:\Users\User\AppData\Local\Programs\MiKTeX\tex/generic/pgfplots/util\pgfplots
color.code.tex))
(C:\Users\User\AppData\Local\Programs\MiKTeX\tex/generic/pgfplots\pgfplotsstack
edplots.code.tex)
(C:\Users\User\AppData\Local\Programs\MiKTeX\tex/generic/pgfplots\pgfplotsploth
andlers.code.tex
(C:\Users\User\AppData\Local\Programs\MiKTeX\tex/generic/pgfplots\pgfplotsmeshp
lothandler.code.tex
(C:\Users\User\AppData\Local\Programs\MiKTeX\tex/generic/pgfplots\pgfplotsmeshp
lotimage.code.tex)))
(C:\Users\User\AppData\Local\Programs\MiKTeX\tex/generic/pgfplots\pgfplots.scal
ing.code.tex)
(C:\Users\User\AppData\Local\Programs\MiKTeX\tex/generic/pgfplots\pgfplotscoord
processing.code.tex)
(C:\Users\User\AppData\Local\Programs\MiKTeX\tex/generic/pgfplots\pgfplots.erro
rbars.code.tex)
(C:\Users\User\AppData\Local\Programs\MiKTeX\tex/generic/pgfplots\pgfplots.mark
ers.code.tex)
(C:\Users\User\AppData\Local\Programs\MiKTeX\tex/generic/pgfplots\pgfplotsticks
.code.tex)
(C:\Users\User\AppData\Local\Programs\MiKTeX\tex/generic/pgfplots\pgfplots.path
s.code.tex)
(C:\Users\User\AppData\Local\Programs\MiKTeX\tex/generic/pgf/frontendlayer/tikz
/libraries\tikzlibrarydecorations.code.tex
(C:\Users\User\AppData\Local\Programs\MiKTeX\tex/generic/pgf/modules\pgfmoduled
ecorations.code.tex
\pgfdecoratedcompleteddistance=\dimen312
\pgfdecoratedremainingdistance=\dimen313
\pgfdecoratedinputsegmentcompleteddistance=\dimen314
\pgfdecoratedinputsegmentremainingdistance=\dimen315
\pgf@decorate@distancetomove=\dimen316
\pgf@decorate@repeatstate=\count369
\pgfdecorationsegmentamplitude=\dimen317
\pgfdecorationsegmentlength=\dimen318
)
\tikz@lib@dec@box=\box79
)
(C:\Users\User\AppData\Local\Programs\MiKTeX\tex/generic/pgf/frontendlayer/tikz
/libraries\tikzlibrarydecorations.pathmorphing.code.tex
(C:\Users\User\AppData\Local\Programs\MiKTeX\tex/generic/pgf/libraries/decorati
ons\pgflibrarydecorations.pathmorphing.code.tex))
(C:\Users\User\AppData\Local\Programs\MiKTeX\tex/generic/pgf/frontendlayer/tikz
/libraries\tikzlibrarydecorations.pathreplacing.code.tex
(C:\Users\User\AppData\Local\Programs\MiKTeX\tex/generic/pgf/libraries/decorati
ons\pgflibrarydecorations.pathreplacing.code.tex))
(C:\Users\User\AppData\Local\Programs\MiKTeX\tex/generic/pgfplots/libs\tikzlibr
arypgfplots.contourlua.code.tex)
\pgfplots@numplots=\count370
\pgfplots@xmin@reg=\dimen319
\pgfplots@xmax@reg=\dimen320
\pgfplots@ymin@reg=\dimen321
\pgfplots@ymax@reg=\dimen322
\pgfplots@zmin@reg=\dimen323
\pgfplots@zmax@reg=\dimen324
)
(C:\Users\User\AppData\Local\Programs\MiKTeX\tex/generic/pgf/frontendlayer/tikz
/libraries\tikzlibraryplotmarks.code.tex
File: tikzlibraryplotmarks.code.tex 2025-08-29 v3.1.11a (3.1.11a)

(C:\Users\User\AppData\Local\Programs\MiKTeX\tex/generic/pgf/libraries\pgflibra
ryplotmarks.code.tex
File: pgflibraryplotmarks.code.tex 2025-08-29 v3.1.11a (3.1.11a)
)))
(C:\Users\User\AppData\Local\Programs\MiKTeX\tex/latex/enumitem\enumitem.sty
Package: enumitem 2025/02/06 v3.11 Customized lists
\labelindent=\skip117
\enit@outerparindent=\dimen325
\enit@toks=\toks55
\enit@inbox=\box80
\enit@count@id=\count371
\enitdp@description=\count372
)
(C:\Users\User\AppData\Local\Programs\MiKTeX\tex/latex/amsmath\amsmath.sty
Package: amsmath 2025/06/16 v2.17y AMS math features
\@mathmargin=\skip118

For additional information on amsmath, use the `?' option.
(C:\Users\User\AppData\Local\Programs\MiKTeX\tex/latex/amsmath\amstext.sty
Package: amstext 2024/11/17 v2.01 AMS text

(C:\Users\User\AppData\Local\Programs\MiKTeX\tex/latex/amsmath\amsgen.sty
File: amsgen.sty 1999/11/30 v2.0 generic functions
\@emptytoks=\toks56
\ex@=\dimen326
))
(C:\Users\User\AppData\Local\Programs\MiKTeX\tex/latex/amsmath\amsbsy.sty
Package: amsbsy 1999/11/29 v1.2d Bold Symbols
\pmbraise@=\dimen327
)
(C:\Users\User\AppData\Local\Programs\MiKTeX\tex/latex/amsmath\amsopn.sty
Package: amsopn 2022/04/08 v2.04 operator names
)
\inf@bad=\count373
LaTeX Info: Redefining \frac on input line 233.
\uproot@=\count374
\leftroot@=\count375
LaTeX Info: Redefining \overline on input line 398.
LaTeX Info: Redefining \colon on input line 409.
\classnum@=\count376
\DOTSCASE@=\count377
LaTeX Info: Redefining \ldots on input line 495.
LaTeX Info: Redefining \dots on input line 498.
LaTeX Info: Redefining \cdots on input line 619.
\Mathstrutbox@=\box81
\strutbox@=\box82
LaTeX Info: Redefining \big on input line 721.
LaTeX Info: Redefining \Big on input line 722.
LaTeX Info: Redefining \bigg on input line 723.
LaTeX Info: Redefining \Bigg on input line 724.
\big@size=\dimen328
LaTeX Font Info:    Redeclaring font encoding OML on input line 742.
LaTeX Font Info:    Redeclaring font encoding OMS on input line 743.
\macc@depth=\count378
LaTeX Info: Redefining \bmod on input line 904.
LaTeX Info: Redefining \pmod on input line 909.
LaTeX Info: Redefining \smash on input line 939.
LaTeX Info: Redefining \relbar on input line 969.
LaTeX Info: Redefining \Relbar on input line 970.
\c@MaxMatrixCols=\count379
\dotsspace@=\muskip18
\c@parentequation=\count380
\dspbrk@lvl=\count381
\tag@help=\toks57
\row@=\count382
\column@=\count383
\maxfields@=\count384
\andhelp@=\toks58
\eqnshift@=\dimen329
\alignsep@=\dimen330
\tagshift@=\dimen331
\tagwidth@=\dimen332
\totwidth@=\dimen333
\lineht@=\dimen334
\@envbody=\toks59
\multlinegap=\skip119
\multlinetaggap=\skip120
\mathdisplay@stack=\toks60
LaTeX Info: Redefining \[ on input line 2949.
LaTeX Info: Redefining \] on input line 2950.
)
\@LN@amsmath@ams@eqpen=\count385

(C:\Users\User\AppData\Local\Programs\MiKTeX\tex/latex/caption\subcaption.sty
Package: subcaption 2023/07/28 v1.6b Sub-captions (AR)

(C:\Users\User\AppData\Local\Programs\MiKTeX\tex/latex/caption\caption.sty
Package: caption 2023/08/05 v3.6o Customizing captions (AR)

(C:\Users\User\AppData\Local\Programs\MiKTeX\tex/latex/caption\caption3.sty
Package: caption3 2023/07/31 v2.4d caption3 kernel (AR)
\caption@tempdima=\dimen335
\captionmargin=\dimen336
\caption@leftmargin=\dimen337
\caption@rightmargin=\dimen338
\caption@width=\dimen339
\caption@indent=\dimen340
\caption@parindent=\dimen341
\caption@hangindent=\dimen342
Package caption Info: Standard document class detected.
)
\c@caption@flags=\count386
\c@continuedfloat=\count387
Package caption Info: float package is loaded.
Package caption Info: hyperref package is loaded.
Package caption Info: listings package is loaded.
Package caption Info: longtable package is loaded.

(C:\Users\User\AppData\Local\Programs\MiKTeX\tex/latex/caption\ltcaption.sty
Package: ltcaption 2021/01/08 v1.4c longtable captions (AR)
))
Package caption Info: New subtype `subfigure' on input line 238.
\c@subfigure=\count388
Package caption Info: New subtype `subtable' on input line 238.
\c@subtable=\count389
)
(C:\Users\User\AppData\Local\Programs\MiKTeX\tex/latex/algorithms\algorithm.sty
Package: algorithm 2009/08/24 v0.1 Document Style `algorithm' - floating enviro
nment
\@float@every@algorithm=\toks61
\c@algorithm=\count390
)
(C:\Users\User\AppData\Local\Programs\MiKTeX\tex/latex/algorithmicx\algpseudoco
de.sty
Package: algpseudocode 

(C:\Users\User\AppData\Local\Programs\MiKTeX\tex/latex/algorithmicx\algorithmic
x.sty
Package: algorithmicx 2005/04/27 v1.2 Algorithmicx

Document Style algorithmicx 1.2 - a greatly improved `algorithmic' style
\c@ALG@line=\count391
\c@ALG@rem=\count392
\c@ALG@nested=\count393
\ALG@tlm=\skip121
\ALG@thistlm=\skip122
\c@ALG@Lnr=\count394
\c@ALG@blocknr=\count395
\c@ALG@storecount=\count396
\c@ALG@tmpcounter=\count397
\ALG@tmplength=\skip123
)
Document Style - pseudocode environments for use with the `algorithmicx' style
) (C:\Users\User\AppData\Local\Programs\MiKTeX\tex/latex/multirow\multirow.sty
Package: multirow 2024/11/12 v2.9 Span multiple rows of a table
\multirow@colwidth=\skip124
\multirow@cntb=\count398
\multirow@dima=\skip125
\bigstrutjot=\dimen343
)) (skripsi.aux (Bab/bab1.aux) (Bab/bab2.aux) (Bab/bab3.aux) (Bab/bab4.aux)
(Bab/bab5.aux) (Bab/bab6.aux) (Lampiran/lampA.aux))
\openout1 = `skripsi.aux'.

LaTeX Font Info:    Checking defaults for OML/cmm/m/it on input line 270.
LaTeX Font Info:    ... okay on input line 270.
LaTeX Font Info:    Checking defaults for OMS/cmsy/m/n on input line 270.
LaTeX Font Info:    ... okay on input line 270.
LaTeX Font Info:    Checking defaults for OT1/cmr/m/n on input line 270.
LaTeX Font Info:    ... okay on input line 270.
LaTeX Font Info:    Checking defaults for T1/cmr/m/n on input line 270.
LaTeX Font Info:    ... okay on input line 270.
LaTeX Font Info:    Checking defaults for TS1/cmr/m/n on input line 270.
LaTeX Font Info:    ... okay on input line 270.
LaTeX Font Info:    Checking defaults for OMX/cmex/m/n on input line 270.
LaTeX Font Info:    ... okay on input line 270.
LaTeX Font Info:    Checking defaults for U/cmr/m/n on input line 270.
LaTeX Font Info:    ... okay on input line 270.
LaTeX Font Info:    Checking defaults for PD1/pdf/m/n on input line 270.
LaTeX Font Info:    ... okay on input line 270.
LaTeX Font Info:    Checking defaults for PU/pdf/m/n on input line 270.
LaTeX Font Info:    ... okay on input line 270.

*geometry* driver: auto-detecting
*geometry* detected driver: pdftex
*geometry* verbose mode - [ preamble ] result:
* driver: pdftex
* paper: a4paper
* layout: <same size as paper>
* layoutoffset:(h,v)=(0.0pt,0.0pt)
* modes: twoside 
* h-part:(L,W,R)=(71.13188pt, 469.47049pt, 56.9055pt)
* v-part:(T,H,B)=(71.13188pt, 702.78308pt, 71.13188pt)
* \paperwidth=597.50787pt
* \paperheight=845.04684pt
* \textwidth=469.47049pt
* \textheight=702.78308pt
* \oddsidemargin=-1.1381pt
* \evensidemargin=-15.36449pt
* \topmargin=-38.1381pt
* \headheight=17.25pt
* \headsep=25.0pt
* \topskip=11.0pt
* \footskip=30.0pt
* \marginparwidth=103.0pt
* \marginparsep=10.0pt
* \columnsep=10.0pt
* \skip\footins=10.0pt plus 4.0pt minus 2.0pt
* \hoffset=0.0pt
* \voffset=0.0pt
* \mag=1000
* \@twocolumnfalse
* \@twosidetrue
* \@mparswitchtrue
* \@reversemarginfalse
* (1in=72.27pt=25.4mm, 1cm=28.453pt)

LaTeX Info: Redefining \microtypecontext on input line 270.
Package microtype Info: Applying patch `item' on input line 270.
Package microtype Info: Applying patch `toc' on input line 270.
Package microtype Info: Applying patch `eqnum' on input line 270.
Package microtype Info: Applying patch `footnote' on input line 270.
Package microtype Info: Applying patch `verbatim' on input line 270.
LaTeX Info: Redefining \microtypesetup on input line 270.
Package microtype Info: Generating PDF output.
Package microtype Info: Character protrusion enabled (level 2).
Package microtype Info: Using default protrusion set `alltext'.
Package microtype Info: Automatic font expansion enabled (level 2),
(microtype)             stretch: 20, shrink: 20, step: 1, non-selected.
Package microtype Info: Using default expansion set `alltext-nott'.
Package microtype Info: Patching command `\showhyphens'.
Package microtype Info: No adjustment of tracking.
Package microtype Info: No adjustment of interword spacing.
Package microtype Info: No adjustment of character kerning.
(C:\Users\User\AppData\Local\Programs\MiKTeX\tex/latex/microtype\mt-cmr.cfg
File: mt-cmr.cfg 2013/05/19 v2.2 microtype config. file: Computer Modern Roman 
(RS)
)
Package hyperref Info: Link coloring ON on input line 270.

(skripsi.out) (skripsi.out)
\@outlinefile=\write5
\openout5 = `skripsi.out'.


(C:\Users\User\AppData\Local\Programs\MiKTeX\tex/context/base/mkii\supp-pdf.mki
i
[Loading MPS to PDF converter (version 2006.09.02).]
\scratchcounter=\count399
\scratchdimen=\dimen344
\scratchbox=\box83
\nofMPsegments=\count400
\nofMParguments=\count401
\everyMPshowfont=\toks62
\MPscratchCnt=\count402
\MPscratchDim=\dimen345
\MPnumerator=\count403
\makeMPintoPDFobject=\count404
\everyMPtoPDFconversion=\toks63
)
(C:\Users\User\AppData\Local\Programs\MiKTeX\tex/latex/epstopdf-pkg\epstopdf-ba
se.sty
Package: epstopdf-base 2020-01-24 v2.11 Base part for package epstopdf
Package epstopdf-base Info: Redefining graphics rule for `.eps' on input line 4
85.

(C:\Users\User\AppData\Local\Programs\MiKTeX\tex/latex/00miktex\epstopdf-sys.cf
g
File: epstopdf-sys.cfg 2021/03/18 v2.0 Configuration of epstopdf for MiKTeX
))
\c@lstlisting=\count405
Package tocbasic Info: setting babel extension for `lol' on input line 270.

Package pgfplots notification 'compat/show suggested version=true': document ha
s been generated with the most recent feature set (\pgfplotsset{compat=1.18}).

Package caption Info: Begin \AtBeginDocument code.
Package caption Info: End \AtBeginDocument code.
<./Gambar/Logo-UNPAR.png, id=318, 180.31364pt x 177.42285pt>
File: ./Gambar/Logo-UNPAR.png Graphic file (type png)
<use ./Gambar/Logo-UNPAR.png>
Package pdftex.def Info: ./Gambar/Logo-UNPAR.png  used on input line 460.
(pdftex.def)             Requested size: 180.3132pt x 177.42241pt.


[1

{C:/Users/User/AppData/Local/MiKTeX/fonts/map/pdftex/pdftex.map}{C:/Users/User/
AppData/Local/Programs/MiKTeX/fonts/enc/dvips/lm/lm-ec.enc} <./Gambar/Logo-UNPA
R.png>]

[2

]
File: ./Gambar/Logo-UNPAR.png Graphic file (type png)
<use ./Gambar/Logo-UNPAR.png>
Package pdftex.def Info: ./Gambar/Logo-UNPAR.png  used on input line 460.
(pdftex.def)             Requested size: 180.3132pt x 177.42241pt.


[3]

[4

]
LaTeX Font Info:    Trying to load font information for OT1+lmr on input line 4
60.
 (C:\Users\User\AppData\Local\Programs\MiKTeX\tex/latex/lm\ot1lmr.fd
File: ot1lmr.fd 2015/05/01 v1.6.1 Font defs for Latin Modern
)
LaTeX Font Info:    Trying to load font information for OML+lmm on input line 4
60.

(C:\Users\User\AppData\Local\Programs\MiKTeX\tex/latex/lm\omllmm.fd
File: omllmm.fd 2015/05/01 v1.6.1 Font defs for Latin Modern
)
LaTeX Font Info:    Trying to load font information for OMS+lmsy on input line 
460.

(C:\Users\User\AppData\Local\Programs\MiKTeX\tex/latex/lm\omslmsy.fd
File: omslmsy.fd 2015/05/01 v1.6.1 Font defs for Latin Modern
)
LaTeX Font Info:    Trying to load font information for OMX+lmex on input line 
460.

(C:\Users\User\AppData\Local\Programs\MiKTeX\tex/latex/lm\omxlmex.fd
File: omxlmex.fd 2015/05/01 v1.6.1 Font defs for Latin Modern
)
LaTeX Font Info:    External font `lmex10' loaded for size
(Font)              <10> on input line 460.
LaTeX Font Info:    External font `lmex10' loaded for size
(Font)              <7> on input line 460.
LaTeX Font Info:    External font `lmex10' loaded for size
(Font)              <5> on input line 460.
LaTeX Font Info:    Trying to load font information for U+msa on input line 460
.

(C:\Users\User\AppData\Local\Programs\MiKTeX\tex/latex/amsfonts\umsa.fd
File: umsa.fd 2013/01/14 v3.01 AMS symbols A
)
(C:\Users\User\AppData\Local\Programs\MiKTeX\tex/latex/microtype\mt-msa.cfg
File: mt-msa.cfg 2006/02/04 v1.1 microtype config. file: AMS symbols (a) (RS)
)
LaTeX Font Info:    Trying to load font information for U+msb on input line 460
.

(C:\Users\User\AppData\Local\Programs\MiKTeX\tex/latex/amsfonts\umsb.fd
File: umsb.fd 2013/01/14 v3.01 AMS symbols B
)
(C:\Users\User\AppData\Local\Programs\MiKTeX\tex/latex/microtype\mt-msb.cfg
File: mt-msb.cfg 2005/06/01 v1.0 microtype config. file: AMS symbols (b) (RS)
)

[5{C:/Users/User/AppData/Local/Programs/MiKTeX/fonts/enc/dvips/lm/lm-mathit.enc
}{C:/Users/User/AppData/Local/Programs/MiKTeX/fonts/enc/dvips/lm/lm-mathsy.enc}
{C:/Users/User/AppData/Local/Programs/MiKTeX/fonts/enc/dvips/lm/lm-rm.enc}]

[6

]

[7]

[8

] (skripsi.toc
Package microtype Info: Character `029' is missing
(microtype)             in font `T1/lmr/m/sc/10.95'.
(microtype)             Ignoring protrusion settings for this character.
LaTeX Font Info:    Font shape `T1/lmr/bx/sc' in size <10.95> not available
(Font)              Font shape `T1/cmr/bx/sc' tried instead on input line 2.
LaTeX Font Info:    External font `lmex10' loaded for size
(Font)              <10.95> on input line 2.
LaTeX Font Info:    External font `lmex10' loaded for size
(Font)              <8> on input line 2.
LaTeX Font Info:    External font `lmex10' loaded for size
(Font)              <6> on input line 2.


[9])
\tf@toc=\write6
\openout6 = `skripsi.toc'.



[10] (skripsi.lof

[11

])
\tf@lof=\write7
\openout7 = `skripsi.lof'.



[12]
\openout2 = `Bab/bab1.aux'.

 (Bab/bab1.tex
Bab 1.
LaTeX Font Info:    Trying to load font information for T1+lmss on input line 2
.
(C:\Users\User\AppData\Local\Programs\MiKTeX\tex/latex/lm\t1lmss.fd
File: t1lmss.fd 2015/05/01 v1.6.1 Font defs for Latin Modern
)
Package microtype Info: Loading generic protrusion settings for font family
(microtype)             `lmss' (encoding: T1).
(microtype)             For optimal results, create family-specific settings.
(microtype)             See the microtype manual for details.
<./Gambar/./bt/19.png, id=615, 499.11469pt x 499.11469pt>
File: ./Gambar/./bt/19.png Graphic file (type png)
<use ./Gambar/./bt/19.png>
Package pdftex.def Info: ./Gambar/./bt/19.png  used on input line 18.
(pdftex.def)             Requested size: 164.31754pt x 164.31232pt.
<./Gambar/./bt/31.png, id=616, 645.91313pt x 645.91313pt>
File: ./Gambar/./bt/31.png Graphic file (type png)
<use ./Gambar/./bt/31.png>
Package pdftex.def Info: ./Gambar/./bt/31.png  used on input line 25.
(pdftex.def)             Requested size: 164.31754pt x 164.31636pt.


[1



]

Package microtype Info: Character `029' is missing
(microtype)             in font `T1/lmr/m/sc/10'.
(microtype)             Ignoring protrusion settings for this character.
[2 <./Gambar/./bt/19.png> <./Gambar/./bt/31.png>]
LaTeX Font Info:    Trying to load font information for TS1+lmr on input line 4
6.

(C:\Users\User\AppData\Local\Programs\MiKTeX\tex/latex/lm\ts1lmr.fd
File: ts1lmr.fd 2015/05/01 v1.6.1 Font defs for Latin Modern
)

[3{C:/Users/User/AppData/Local/Programs/MiKTeX/fonts/enc/dvips/lm/lm-ts1.enc}]

[4])

[5]
\openout2 = `Bab/bab2.aux'.

 (Bab/bab2.tex

[6




]
Bab 2.
<./Gambar/queen_attack_pattern.png, id=682, 903.375pt x 451.6875pt>
File: ./Gambar/queen_attack_pattern.png Graphic file (type png)
<use ./Gambar/queen_attack_pattern.png>
Package pdftex.def Info: ./Gambar/queen_attack_pattern.png  used on input line 
17.
(pdftex.def)             Requested size: 422.52057pt x 211.2662pt.


[7 <./Gambar/queen_attack_pattern.png (PNG copy)>]

[8]
<./Gambar/N_queens_correct.png, id=703, 396.48125pt x 395.4775pt>
File: ./Gambar/N_queens_correct.png Graphic file (type png)
<use ./Gambar/N_queens_correct.png>
Package pdftex.def Info: ./Gambar/N_queens_correct.png  used on input line 38.
(pdftex.def)             Requested size: 164.31754pt x 163.90286pt.
LaTeX Font Info:    External font `lmex10' loaded for size
(Font)              <9> on input line 41.
LaTeX Font Info:    Trying to load font information for T1+lmtt on input line 4
1.
 (C:\Users\User\AppData\Local\Programs\MiKTeX\tex/latex/lm\t1lmtt.fd
File: t1lmtt.fd 2015/05/01 v1.6.1 Font defs for Latin Modern
)
Package microtype Info: Loading generic protrusion settings for font family
(microtype)             `lmtt' (encoding: T1).
(microtype)             For optimal results, create family-specific settings.
(microtype)             See the microtype manual for details.


[9{C:/Users/User/AppData/Local/Programs/MiKTeX/fonts/enc/dvips/lm/lm-mathex.enc
} <./Gambar/N_queens_correct.png>]

[10]
<./Gambar/Queens_unsolved.png, id=734, 280.79906pt x 282.30469pt>
File: ./Gambar/Queens_unsolved.png Graphic file (type png)
<use ./Gambar/Queens_unsolved.png>
Package pdftex.def Info: ./Gambar/Queens_unsolved.png  used on input line 68.
(pdftex.def)             Requested size: 164.31754pt x 165.1971pt.
<./Gambar/Queens_solved.png, id=735, 280.79906pt x 282.30469pt>
File: ./Gambar/Queens_solved.png Graphic file (type png)
<use ./Gambar/Queens_solved.png>
Package pdftex.def Info: ./Gambar/Queens_solved.png  used on input line 75.
(pdftex.def)             Requested size: 164.31754pt x 165.1971pt.

Overfull \hbox (46.33318pt too wide) in paragraph at lines 81--81
[][][]\T1/lmr/m/n/9 (-20) Diambil da-ri [][]$\T1/lmtt/m/n/9 https : / / tech . 
yahoo . com / puzzles / connections / articles / today-[]queens-[]737-[]linkedi
n-[]answer-[]131012952 .
 []



[11 <./Gambar/Queens_unsolved.png (PNG copy)> <./Gambar/Queens_solved.png>]
<./Gambar/adjsmallboard.png, id=752, 451.6875pt x 447.17062pt>
File: ./Gambar/adjsmallboard.png Graphic file (type png)
<use ./Gambar/adjsmallboard.png>
Package pdftex.def Info: ./Gambar/adjsmallboard.png  used on input line 106.
(pdftex.def)             Requested size: 164.31754pt x 162.67346pt.


[12]

[13 <./Gambar/adjsmallboard.png>]

[14]

[15]

[16]
Package hyperref Info: bookmark level for unknown algorithm defaults to 0 on in
put line 195.


[17]

[18]

[19]
<gambar/AC3_start.png, id=832, 976.64874pt x 915.42pt>
File: gambar/AC3_start.png Graphic file (type png)
<use gambar/AC3_start.png>
Package pdftex.def Info: gambar/AC3_start.png  used on input line 271.
(pdftex.def)             Requested size: 187.78532pt x 176.01286pt.
<gambar/AC3_end.png, id=833, 732.48656pt x 686.565pt>
File: gambar/AC3_end.png Graphic file (type png)
<use gambar/AC3_end.png>
Package pdftex.def Info: gambar/AC3_end.png  used on input line 277.
(pdftex.def)             Requested size: 187.78532pt x 176.00937pt.

Underfull \hbox (badness 10000) in paragraph at lines 283--283
[][][]\T1/lmr/m/n/9 (+20) Diambil da-ri [][]$\T1/lmtt/m/n/9 https : / / www . b
oristhebrave . com / wp-[]content / uploads / 2021 / 08 / arc _ consistency _ 5
var _
 []



[20 <./gambar/AC3_start.png> <./gambar/AC3_end.png (PNG copy)>]

[21]

[22]

[23]
<gambar/pso_single.png, id=891, 766.865pt x 363.3575pt>
File: gambar/pso_single.png Graphic file (type png)
<use gambar/pso_single.png>
Package pdftex.def Info: gambar/pso_single.png  used on input line 386.
(pdftex.def)             Requested size: 234.73524pt x 111.22029pt.


[24]
<gambar/psoflow.png, id=906, 275.1078pt x 609.2361pt>
File: gambar/psoflow.png Graphic file (type png)
<use gambar/psoflow.png>
Package pdftex.def Info: gambar/psoflow.png  used on input line 402.
(pdftex.def)             Requested size: 140.84258pt x 311.91481pt.


[25 <./gambar/pso_single.png>]

[26 <./gambar/psoflow.png>]

[27]

[28]

[29])

[30]
\openout2 = `Bab/bab3.aux'.

 (Bab/bab3.tex
Bab 3.


[31




]
<./Gambar/flowchart.png, id=981, 804.00375pt x 480.79625pt>
File: ./Gambar/flowchart.png Graphic file (type png)
<use ./Gambar/flowchart.png>
Package pdftex.def Info: ./Gambar/flowchart.png  used on input line 17.
(pdftex.def)             Requested size: 399.05278pt x 238.62946pt.


[32 <./Gambar/flowchart.png>]


LaTeX Font Warning: Font shape `T1/lmr/m/scit' undefined
(Font)              using `T1/lmr/m/scsl' instead on input line 67.

[33]

[34]


LaTeX Font Warning: Font shape `T1/lmr/m/scit' undefined
(Font)              using `T1/lmr/m/scsl' instead on input line 139.


LaTeX Font Warning: Font shape `T1/lmr/m/scit' undefined
(Font)              using `T1/lmr/m/scsl' instead on input line 139.

[35]
<./Gambar/flowbt.png, id=1041, 2039.62pt x 920.43875pt>
File: ./Gambar/flowbt.png Graphic file (type png)
<use ./Gambar/flowbt.png>
Package pdftex.def Info: ./Gambar/flowbt.png  used on input line 142.
(pdftex.def)             Requested size: 445.99553pt x 201.26122pt.


[36 <./Gambar/flowbt.png>]
<./Gambar/flowfc.png, id=1053, 1547.7825pt x 684.5575pt>
File: ./Gambar/flowfc.png Graphic file (type png)
<use ./Gambar/flowfc.png>
Package pdftex.def Info: ./Gambar/flowfc.png  used on input line 174.
(pdftex.def)             Requested size: 445.99553pt x 197.25269pt.



LaTeX Font Warning: Font shape `T1/lmr/m/scit' undefined
(Font)              using `T1/lmr/m/scsl' instead on input line 182.


LaTeX Font Warning: Font shape `T1/lmr/m/scit' undefined
(Font)              using `T1/lmr/m/scsl' instead on input line 182.

[37]

[38 <./Gambar/flowfc.png>]
<./Gambar/flowrevise.png, id=1073, 1499.6025pt x 544.0325pt>
File: ./Gambar/flowrevise.png Graphic file (type png)
<use ./Gambar/flowrevise.png>
Package pdftex.def Info: ./Gambar/flowrevise.png  used on input line 198.
(pdftex.def)             Requested size: 445.99553pt x 161.79979pt.



LaTeX Font Warning: Font shape `T1/lmr/m/scit' undefined
(Font)              using `T1/lmr/m/scsl' instead on input line 218.


LaTeX Font Warning: Font shape `T1/lmr/m/scit' undefined
(Font)              using `T1/lmr/m/scsl' instead on input line 218.

[39 <./Gambar/flowrevise.png>]
<./Gambar/flowac3.png, id=1086, 1130.2225pt x 631.35875pt>
File: ./Gambar/flowac3.png Graphic file (type png)
<use ./Gambar/flowac3.png>
Package pdftex.def Info: ./Gambar/flowac3.png  used on input line 226.
(pdftex.def)             Requested size: 352.10286pt x 196.68256pt.


[40 <./Gambar/flowac3.png>]
LaTeX Font Info:    External font `lmex10' loaded for size
(Font)              <12> on input line 247.


Package hyperref Warning: Token not allowed in a PDF string (Unicode):
(hyperref)                removing `math shift' on input line 247.


Package hyperref Warning: Token not allowed in a PDF string (Unicode):
(hyperref)                removing `\times' on input line 247.


Package hyperref Warning: Token not allowed in a PDF string (Unicode):
(hyperref)                removing `math shift' on input line 247.

<./Gambar/./bt/20.png, id=1096, 606.76688pt x 605.26125pt>
File: ./Gambar/./bt/20.png Graphic file (type png)
<use ./Gambar/./bt/20.png>
Package pdftex.def Info: ./Gambar/./bt/20.png  used on input line 258.
(pdftex.def)             Requested size: 126.75903pt x 126.44365pt.
<./Gambar/./bt/21.png, id=1098, 606.76688pt x 606.76688pt>
File: ./Gambar/./bt/21.png Graphic file (type png)
<use ./Gambar/./bt/21.png>
Package pdftex.def Info: ./Gambar/./bt/21.png  used on input line 267.
(pdftex.def)             Requested size: 126.75903pt x 126.7582pt.



LaTeX Font Warning: Font shape `T1/lmr/m/scit' undefined
(Font)              using `T1/lmr/m/scsl' instead on input line 272.


LaTeX Font Warning: Font shape `T1/lmr/m/scit' undefined
(Font)              using `T1/lmr/m/scsl' instead on input line 272.

[41]
<./Gambar/./bt/22.png, id=1108, 1252.68pt x 385.44pt>
File: ./Gambar/./bt/22.png Graphic file (type png)
<use ./Gambar/./bt/22.png>
Package pdftex.def Info: ./Gambar/./bt/22.png  used on input line 278.
(pdftex.def)             Requested size: 352.10286pt x 108.34003pt.
<./Gambar/./bt/23.png, id=1110, 1445.4pt x 545.03625pt>
File: ./Gambar/./bt/23.png Graphic file (type png)
<use ./Gambar/./bt/23.png>
Package pdftex.def Info: ./Gambar/./bt/23.png  used on input line 287.
(pdftex.def)             Requested size: 328.6279pt x 123.91693pt.


[42 <./Gambar/./bt/20.png> <./Gambar/./bt/21.png> <./Gambar/./bt/22.png>]
<./Gambar/./bt/24.png, id=1120, 639.13782pt x 639.13782pt>
File: ./Gambar/./bt/24.png Graphic file (type png)
<use ./Gambar/./bt/24.png>
Package pdftex.def Info: ./Gambar/./bt/24.png  used on input line 298.
(pdftex.def)             Requested size: 126.75903pt x 126.75252pt.
<./Gambar/./bt/25.png, id=1122, 659.46375pt x 659.46375pt>
File: ./Gambar/./bt/25.png Graphic file (type png)
<use ./Gambar/./bt/25.png>
Package pdftex.def Info: ./Gambar/./bt/25.png  used on input line 307.
(pdftex.def)             Requested size: 126.75903pt x 126.75848pt.
<./Gambar/./bt/26.png, id=1124, 608.2725pt x 608.2725pt>
File: ./Gambar/./bt/26.png Graphic file (type png)
<use ./Gambar/./bt/26.png>
Package pdftex.def Info: ./Gambar/./bt/26.png  used on input line 316.
(pdftex.def)             Requested size: 126.75903pt x 126.75716pt.



LaTeX Font Warning: Font shape `T1/lmr/m/scit' undefined
(Font)              using `T1/lmr/m/scsl' instead on input line 321.


LaTeX Font Warning: Font shape `T1/lmr/m/scit' undefined
(Font)              using `T1/lmr/m/scsl' instead on input line 321.

[43 <./Gambar/./bt/23.png> <./Gambar/./bt/24.png>]
<./Gambar/./bt/27.png, id=1133, 607.51968pt x 607.51968pt>
File: ./Gambar/./bt/27.png Graphic file (type png)
<use ./Gambar/./bt/27.png>
Package pdftex.def Info: ./Gambar/./bt/27.png  used on input line 327.
(pdftex.def)             Requested size: 126.75903pt x 126.75786pt.
<./Gambar/./bt/28.png, id=1135, 611.28375pt x 611.28375pt>
File: ./Gambar/./bt/28.png Graphic file (type png)
<use ./Gambar/./bt/28.png>
Package pdftex.def Info: ./Gambar/./bt/28.png  used on input line 336.
(pdftex.def)             Requested size: 126.75903pt x 126.7504pt.


[44 <./Gambar/./bt/25.png> <./Gambar/./bt/26.png> <./Gambar/./bt/27.png>]
<./Gambar/./bt/29.png, id=1145, 605.26125pt x 605.26125pt>
File: ./Gambar/./bt/29.png Graphic file (type png)
<use ./Gambar/./bt/29.png>
Package pdftex.def Info: ./Gambar/./bt/29.png  used on input line 347.
(pdftex.def)             Requested size: 126.75903pt x 126.75766pt.
<./Gambar/./bt/30.png, id=1147, 605.26125pt x 605.26125pt>
File: ./Gambar/./bt/30.png Graphic file (type png)
<use ./Gambar/./bt/30.png>
Package pdftex.def Info: ./Gambar/./bt/30.png  used on input line 356.
(pdftex.def)             Requested size: 126.75903pt x 126.75766pt.



LaTeX Font Warning: Font shape `T1/lmr/m/scit' undefined
(Font)              using `T1/lmr/m/scsl' instead on input line 364.


LaTeX Font Warning: Font shape `T1/lmr/m/scit' undefined
(Font)              using `T1/lmr/m/scsl' instead on input line 364.

[45 <./Gambar/./bt/28.png> <./Gambar/./bt/29.png> <./Gambar/./bt/30.png>]
File: ./Gambar/./bt/31.png Graphic file (type png)
<use ./Gambar/./bt/31.png>
Package pdftex.def Info: ./Gambar/./bt/31.png  used on input line 367.
(pdftex.def)             Requested size: 187.78532pt x 187.78308pt.


[46]


LaTeX Font Warning: Font shape `T1/lmr/m/scit' undefined
(Font)              using `T1/lmr/m/scsl' instead on input line 397.

[47]
<./Gambar/flowparticle.png, id=1174, 1658.195pt x 606.265pt>
File: ./Gambar/flowparticle.png Graphic file (type png)
<use ./Gambar/flowparticle.png>
Package pdftex.def Info: ./Gambar/flowparticle.png  used on input line 407.
(pdftex.def)             Requested size: 445.99553pt x 163.05542pt.


[48 <./Gambar/flowparticle.png>]


LaTeX Font Warning: Font shape `T1/lmr/m/scit' undefined
(Font)              using `T1/lmr/m/scsl' instead on input line 447.

[49]
<./Gambar/flowpso.png, id=1200, 1762.585pt x 1065.9825pt>
File: ./Gambar/flowpso.png Graphic file (type png)
<use ./Gambar/flowpso.png>
Package pdftex.def Info: ./Gambar/flowpso.png  used on input line 469.
(pdftex.def)             Requested size: 445.99553pt x 269.73181pt.


[50]


LaTeX Font Warning: Font shape `T1/lmr/m/scit' undefined
(Font)              using `T1/lmr/m/scsl' instead on input line 489.

[51 <./Gambar/flowpso.png>]

Package hyperref Warning: Token not allowed in a PDF string (Unicode):
(hyperref)                removing `math shift' on input line 498.


Package hyperref Warning: Token not allowed in a PDF string (Unicode):
(hyperref)                removing `\times' on input line 498.


Package hyperref Warning: Token not allowed in a PDF string (Unicode):
(hyperref)                removing `math shift' on input line 498.



[52]


LaTeX Font Warning: Font shape `T1/lmr/m/scit' undefined
(Font)              using `T1/lmr/m/scsl' instead on input line 564.

[53]
<./Gambar/./pso/39.png, id=1250, 708.39656pt x 708.39656pt>
File: ./Gambar/./pso/39.png Graphic file (type png)
<use ./Gambar/./pso/39.png>
Package pdftex.def Info: ./Gambar/./pso/39.png  used on input line 576.
(pdftex.def)             Requested size: 126.75903pt x 126.74922pt.
<./Gambar/./pso/40.png, id=1252, 734.745pt x 734.745pt>
File: ./Gambar/./pso/40.png Graphic file (type png)
<use ./Gambar/./pso/40.png>
Package pdftex.def Info: ./Gambar/./pso/40.png  used on input line 585.
(pdftex.def)             Requested size: 126.75903pt x 126.75485pt.
<./Gambar/./pso/41.png, id=1254, 737.00343pt x 737.00343pt>
File: ./Gambar/./pso/41.png Graphic file (type png)
<use ./Gambar/./pso/41.png>
Package pdftex.def Info: ./Gambar/./pso/41.png  used on input line 594.
(pdftex.def)             Requested size: 126.75903pt x 126.75087pt.


[54 <./Gambar/./pso/39.png> <./Gambar/./pso/40.png>]
<./Gambar/./pso/42.png, id=1264, 712.91344pt x 712.91344pt>
File: ./Gambar/./pso/42.png Graphic file (type png)
<use ./Gambar/./pso/42.png>
Package pdftex.def Info: ./Gambar/./pso/42.png  used on input line 605.
(pdftex.def)             Requested size: 126.75903pt x 126.75243pt.
<./Gambar/./pso/46.png, id=1267, 548.0475pt x 547.2947pt>
File: ./Gambar/./pso/46.png Graphic file (type png)
<use ./Gambar/./pso/46.png>
Package pdftex.def Info: ./Gambar/./pso/46.png  used on input line 614.
(pdftex.def)             Requested size: 126.75903pt x 126.58496pt.
<./Gambar/./pso/44.png, id=1269, 734.745pt x 734.745pt>
File: ./Gambar/./pso/44.png Graphic file (type png)
<use ./Gambar/./pso/44.png>
Package pdftex.def Info: ./Gambar/./pso/44.png  used on input line 623.
(pdftex.def)             Requested size: 126.75903pt x 126.75485pt.



LaTeX Font Warning: Font shape `T1/lmr/m/scit' undefined
(Font)              using `T1/lmr/m/scsl' instead on input line 629.

[55 <./Gambar/./pso/41.png> <./Gambar/./pso/42.png> <./Gambar/./pso/46.png>]
<./Gambar/./pso/45.png, id=1281, 532.99126pt x 529.98pt>
File: ./Gambar/./pso/45.png Graphic file (type png)
<use ./Gambar/./pso/45.png>
Package pdftex.def Info: ./Gambar/./pso/45.png  used on input line 632.
(pdftex.def)             Requested size: 126.75903pt x 126.04137pt.
<./Gambar/./pso/43.png, id=1283, 727.21687pt x 727.21687pt>
File: ./Gambar/./pso/43.png Graphic file (type png)
<use ./Gambar/./pso/43.png>
Package pdftex.def Info: ./Gambar/./pso/43.png  used on input line 641.
(pdftex.def)             Requested size: 126.75903pt x 126.75441pt.


[56 <./Gambar/./pso/44.png> <./Gambar/./pso/45.png> <./Gambar/./pso/43.png>])


LaTeX Font Warning: Font shape `T1/lmr/m/scit' undefined
(Font)              using `T1/lmr/m/scsl' instead on input line 472.

[57]
\openout2 = `Bab/bab4.aux'.

 (Bab/bab4.tex

[58




]
Bab 4.
<./Gambar/cDiagram.png, id=1303, 867.7218pt x 1039.9653pt>
File: ./Gambar/cDiagram.png Graphic file (type png)
<use ./Gambar/cDiagram.png>
Package pdftex.def Info: ./Gambar/cDiagram.png  used on input line 14.
(pdftex.def)             Requested size: 291.0694pt x 348.83882pt.


[59 <./Gambar/cDiagram.png>]
LaTeX Font Info:    Font shape `T1/lmtt/bx/n' in size <10.95> not available
(Font)              Font shape `T1/lmtt/b/n' tried instead on input line 21.

Overfull \hbox (27.41162pt too wide) in alignment at lines 62--68
 [] [] [] 
 []


Overfull \hbox (27.41162pt too wide) in alignment at lines 68--72
 [] [] [] 
 []


Overfull \hbox (27.41162pt too wide) in alignment at lines 72--74
 [] [] [] 
 []


Underfull \hbox (badness 2012) in paragraph at lines 77--78
\T1/lmr/m/n/10.95 (+20) mat \T1/lmtt/m/n/10.95 "R,G,B"\T1/lmr/m/n/10.95 (+20) )
 ke daf-tar ko-o-rdi-nat
 []


Underfull \hbox (badness 2237) in paragraph at lines 77--78
\T1/lmr/m/n/10.95 (+20) li-ki war-na ter-se-but. Peng-gu-na-an
 []


Overfull \hbox (27.41162pt too wide) in alignment at lines 74--81
 [] [] [] 
 []



[60]
Underfull \hbox (badness 10000) in paragraph at lines 100--101
[]|\T1/lmr/m/it/10.95 (+20) Constructor \T1/lmr/m/n/10.95 (+20) yang me-ne-ri-m
a ukur-an pap-an
 []


Underfull \hbox (badness 1552) in paragraph at lines 100--101
\T1/lmr/m/n/10.95 (+20) dan daf-tar ob-jek \T1/lmtt/m/n/10.95 Cell\T1/lmr/m/n/1
0.95 (+20) , ke-mu-di-an me-mang-gil
 []


Underfull \hbox (badness 10000) in paragraph at lines 100--101
\T1/lmtt/m/n/10.95 buildColorMap() \T1/lmr/m/n/10.95 (+20) dan \T1/lmtt/m/n/10.
95 buildColorSymbols()
 []

[61]
Underfull \hbox (badness 10000) in paragraph at lines 144--145
[]|\T1/lmr/m/n/10.95 (+20) Mengurai \T1/lmr/m/it/10.95 (+20) string \T1/lmr/m/n
/10.95 (+20) war-na da-lam for-mat
 []

[62]
Underfull \hbox (badness 10000) in paragraph at lines 180--181
[]|\T1/lmr/m/n/10.95 (+20) Array so-lu-si di ma-na
 []


Underfull \hbox (badness 10000) in paragraph at lines 180--181
\T1/lmtt/m/n/10.95 solution[$\OML/lmm/m/it/10.95 i$\T1/lmtt/m/n/10.95 ] \T1/lmr
/m/n/10.95 (+20) me-nyimp-an in-
 []

[63] [64]

[65]

[66]

[67]

[68] [69]

[70]
Overfull \hbox (11.18396pt too wide) in paragraph at lines 546--547
\T1/lmr/m/n/10.95 (-20) meng-i-ni-si-a-li-sa-si ob-jek \T1/lmtt/m/n/10.95 Homep
age \T1/lmr/m/n/10.95 (-20) pa-da \T1/lmr/m/it/10.95 (-20) Event Dis-pa-tch Thr
e-ad \T1/lmr/m/n/10.95 (-20) me-la-lui \T1/lmtt/m/n/10.95 SwingUtilities.invoke
Later()
 []



[71] [72]

[73]
<./Gambar/flowchart_app.png, id=1416, 650.43pt x 409.68056pt>
File: ./Gambar/flowchart_app.png Graphic file (type png)
<use ./Gambar/flowchart_app.png>
Package pdftex.def Info: ./Gambar/flowchart_app.png  used on input line 612.
(pdftex.def)             Requested size: 399.05278pt x 251.35506pt.

Overfull \hbox (6.51982pt too wide) in paragraph at lines 624--625
[]\T1/lmr/bx/n/10.95 (-20) Memuat pap-an dan men-ja-lank-an so-lver. \T1/lmr/m/
n/10.95 (-20) Se-te-lah peng-gu-na me-mi-lih le-vel, ke-las \T1/lmtt/m/n/10.95 
GameWindow
 []



[74 <./Gambar/flowchart_app.png>]
<./Gambar/mockup/homepage.png, id=1430, 680.5425pt x 382.42876pt>
File: ./Gambar/mockup/homepage.png Graphic file (type png)
<use ./Gambar/mockup/homepage.png>
Package pdftex.def Info: ./Gambar/mockup/homepage.png  used on input line 646.
(pdftex.def)             Requested size: 352.10286pt x 197.8604pt.
<./Gambar/mockup/levelSelector.png, id=1432, 764.8575pt x 430.60875pt>
File: ./Gambar/mockup/levelSelector.png Graphic file (type png)
<use ./Gambar/mockup/levelSelector.png>
Package pdftex.def Info: ./Gambar/mockup/levelSelector.png  used on input line 
660.
(pdftex.def)             Requested size: 352.10286pt x 198.23354pt.


[75 <./Gambar/mockup/homepage.png (PNG copy)>]
<./Gambar/mockup/level.png, id=1447, 764.8575pt x 431.36156pt>
File: ./Gambar/mockup/level.png Graphic file (type png)
<use ./Gambar/mockup/level.png>
Package pdftex.def Info: ./Gambar/mockup/level.png  used on input line 677.
(pdftex.def)             Requested size: 352.10286pt x 198.58011pt.


[76 <./Gambar/mockup/levelSelector.png (PNG copy)> <./Gambar/mockup/level.png (
PNG copy)>]
<./Gambar/mockup/solved_by_solver.png, id=1462, 808.52063pt x 458.46281pt>
File: ./Gambar/mockup/solved_by_solver.png Graphic file (type png)
<use ./Gambar/mockup/solved_by_solver.png>
Package pdftex.def Info: ./Gambar/mockup/solved_by_solver.png  used on input li
ne 698.
(pdftex.def)             Requested size: 352.10286pt x 199.66055pt.
<./Gambar/mockup/warning_adjacent.png, id=1464, 810.02625pt x 456.95718pt>
File: ./Gambar/mockup/warning_adjacent.png Graphic file (type png)
<use ./Gambar/mockup/warning_adjacent.png>
Package pdftex.def Info: ./Gambar/mockup/warning_adjacent.png  used on input li
ne 711.
(pdftex.def)             Requested size: 352.10286pt x 198.63531pt.
<./Gambar/mockup/warning_color.png, id=1466, 809.27344pt x 454.69875pt>
File: ./Gambar/mockup/warning_color.png Graphic file (type png)
<use ./Gambar/mockup/warning_color.png>
Package pdftex.def Info: ./Gambar/mockup/warning_color.png  used on input line 
724.
(pdftex.def)             Requested size: 352.10286pt x 197.83398pt.


[77 <./Gambar/mockup/solved_by_solver.png (PNG copy)> <./Gambar/mockup/warning_
adjacent.png (PNG copy)>]
<./Gambar/mockup/warning_horizontal.png, id=1479, 809.27344pt x 455.45157pt>
File: ./Gambar/mockup/warning_horizontal.png Graphic file (type png)
<use ./Gambar/mockup/warning_horizontal.png>
Package pdftex.def Info: ./Gambar/mockup/warning_horizontal.png  used on input 
line 737.
(pdftex.def)             Requested size: 352.10286pt x 198.16153pt.
<./Gambar/mockup/warning_vertical.png, id=1481, 808.52063pt x 456.20438pt>
File: ./Gambar/mockup/warning_vertical.png Graphic file (type png)
<use ./Gambar/mockup/warning_vertical.png>
Package pdftex.def Info: ./Gambar/mockup/warning_vertical.png  used on input li
ne 750.
(pdftex.def)             Requested size: 352.10286pt x 198.677pt.
<./Gambar/mockup/hint1.png, id=1483, 808.52063pt x 455.45157pt>
File: ./Gambar/mockup/hint1.png Graphic file (type png)
<use ./Gambar/mockup/hint1.png>
Package pdftex.def Info: ./Gambar/mockup/hint1.png  used on input line 763.
(pdftex.def)             Requested size: 352.10286pt x 198.34917pt.
<./Gambar/mockup/hint2.png, id=1485, 808.52063pt x 456.95718pt>
File: ./Gambar/mockup/hint2.png Graphic file (type png)
<use ./Gambar/mockup/hint2.png>
Package pdftex.def Info: ./Gambar/mockup/hint2.png  used on input line 776.
(pdftex.def)             Requested size: 352.10286pt x 199.00485pt.


[78 <./Gambar/mockup/warning_color.png (PNG copy)> <./Gambar/mockup/warning_hor
izontal.png (PNG copy)>]

[79 <./Gambar/mockup/warning_vertical.png (PNG copy)> <./Gambar/mockup/hint1.pn
g (PNG copy)> <./Gambar/mockup/hint2.png (PNG copy)>]
<./Gambar/mockup/win.png, id=1500, 909.3975pt x 512.66531pt>
File: ./Gambar/mockup/win.png Graphic file (type png)
<use ./Gambar/mockup/win.png>
Package pdftex.def Info: ./Gambar/mockup/win.png  used on input line 790.
(pdftex.def)             Requested size: 352.10286pt x 198.4993pt.
)

[80 <./Gambar/mockup/win.png (PNG copy)>]

[81]
\openout2 = `Bab/bab5.aux'.

 (Bab/bab5.tex

[82




]
Bab 5.


[83]
(C:\Users\User\AppData\Local\Programs\MiKTeX\tex/latex/listings\lstlang1.sty
File: lstlang1.sty 2024/09/23 1.10c listings language file
)
LaTeX Font Info:    Trying to load font information for T1+fvm on input line 24
.

(C:\Users\User\AppData\Local\Programs\MiKTeX\tex/latex/bera\t1fvm.fd
File: t1fvm.fd 2004/09/07 scalable font definitions for T1/fvm.
)
Package microtype Info: Loading generic protrusion settings for font family
(microtype)             `fvm' (encoding: T1).
(microtype)             For optimal results, create family-specific settings.
(microtype)             See the microtype manual for details.
LaTeX Font Info:    Font shape `T1/fvm/m/it' in size <6> not available
(Font)              Font shape `T1/fvm/m/sl' tried instead on input line 27.


[84{C:/Users/User/AppData/Local/Programs/MiKTeX/fonts/enc/dvips/base/8r.enc}]
Overfull \hbox (2.5042pt too wide) in paragraph at lines 78--79
\T1/lmr/m/n/10.95 (-20) fungsi se-ca-ra ber-u-rut-an: \T1/lmtt/m/n/10.95 calcul
ateAttackingViolation() \T1/lmr/m/n/10.95 (-20) dan \T1/lmtt/m/n/10.95 calculat
eAdjacencyViolation()\T1/lmr/m/n/10.95 (-20) .
 []

LaTeX Font Info:    Trying to load font information for TS1+fvm on input line 8
4.
(C:\Users\User\AppData\Local\Programs\MiKTeX\tex/latex/bera\ts1fvm.fd
File: ts1fvm.fd 2004/09/07 scalable font definitions for TS1/fvm.
)
Package microtype Info: Loading generic protrusion settings for font family
(microtype)             `fvm' (encoding: TS1).
(microtype)             For optimal results, create family-specific settings.
(microtype)             See the microtype manual for details.


[85]
Overfull \hbox (21.43117pt too wide) in paragraph at lines 137--138
\T1/lmr/m/n/10.95 (-20) Pembaruan ke-ce-pat-an dan po-si-si di-im-ple-men-ta-si
k-an da-lam dua me-to-de ter-pi-sah, ya-i-tu \T1/lmtt/m/n/10.95 updateVelocity(
)
 []



[86]

[87]

[88]
<./Gambar/implementation/homepage_imp.png, id=1692, 1156.32pt x 650.43pt>
File: ./Gambar/implementation/homepage_imp.png Graphic file (type png)
<use ./Gambar/implementation/homepage_imp.png>
Package pdftex.def Info: ./Gambar/implementation/homepage_imp.png  used on inpu
t line 231.
(pdftex.def)             Requested size: 305.15294pt x 171.64854pt.
<./Gambar/implementation/levelselector_imp.png, id=1693, 1156.32pt x 650.43pt>
File: ./Gambar/implementation/levelselector_imp.png Graphic file (type png)
<use ./Gambar/implementation/levelselector_imp.png>
Package pdftex.def Info: ./Gambar/implementation/levelselector_imp.png  used on
 input line 238.
(pdftex.def)             Requested size: 305.15294pt x 171.64854pt.
<./Gambar/implementation/gamewindow_imp.png, id=1694, 1156.32pt x 650.43pt>
File: ./Gambar/implementation/gamewindow_imp.png Graphic file (type png)
<use ./Gambar/implementation/gamewindow_imp.png>
Package pdftex.def Info: ./Gambar/implementation/gamewindow_imp.png  used on in
put line 245.
(pdftex.def)             Requested size: 305.15294pt x 171.64854pt.
<./Gambar/implementation/samecolor_imp.png, id=1695, 1156.32pt x 650.43pt>
File: ./Gambar/implementation/samecolor_imp.png Graphic file (type png)
<use ./Gambar/implementation/samecolor_imp.png>
Package pdftex.def Info: ./Gambar/implementation/samecolor_imp.png  used on inp
ut line 252.
(pdftex.def)             Requested size: 305.15294pt x 171.64854pt.
<./Gambar/implementation/samerow_imp.png, id=1696, 1156.32pt x 650.43pt>
File: ./Gambar/implementation/samerow_imp.png Graphic file (type png)
<use ./Gambar/implementation/samerow_imp.png>
Package pdftex.def Info: ./Gambar/implementation/samerow_imp.png  used on input
 line 259.
(pdftex.def)             Requested size: 305.15294pt x 171.64854pt.
<./Gambar/implementation/samecolumn_imp.png, id=1697, 1156.32pt x 650.43pt>
File: ./Gambar/implementation/samecolumn_imp.png Graphic file (type png)
<use ./Gambar/implementation/samecolumn_imp.png>
Package pdftex.def Info: ./Gambar/implementation/samecolumn_imp.png  used on in
put line 266.
(pdftex.def)             Requested size: 305.15294pt x 171.64854pt.
<./Gambar/implementation/adjacent_imp.png, id=1698, 1156.32pt x 650.43pt>
File: ./Gambar/implementation/adjacent_imp.png Graphic file (type png)
<use ./Gambar/implementation/adjacent_imp.png>
Package pdftex.def Info: ./Gambar/implementation/adjacent_imp.png  used on inpu
t line 273.
(pdftex.def)             Requested size: 305.15294pt x 171.64854pt.
<./Gambar/implementation/hint1_imp.png, id=1699, 1156.32pt x 650.43pt>
File: ./Gambar/implementation/hint1_imp.png Graphic file (type png)
<use ./Gambar/implementation/hint1_imp.png>
Package pdftex.def Info: ./Gambar/implementation/hint1_imp.png  used on input l
ine 280.
(pdftex.def)             Requested size: 305.15294pt x 171.64854pt.
<./Gambar/implementation/hint2_imp.png, id=1700, 1156.32pt x 650.43pt>
File: ./Gambar/implementation/hint2_imp.png Graphic file (type png)
<use ./Gambar/implementation/hint2_imp.png>
Package pdftex.def Info: ./Gambar/implementation/hint2_imp.png  used on input l
ine 287.
(pdftex.def)             Requested size: 305.15294pt x 171.64854pt.
<./Gambar/implementation/win_imp.png, id=1701, 1156.32pt x 650.43pt>
File: ./Gambar/implementation/win_imp.png Graphic file (type png)
<use ./Gambar/implementation/win_imp.png>
Package pdftex.def Info: ./Gambar/implementation/win_imp.png  used on input lin
e 294.
(pdftex.def)             Requested size: 305.15294pt x 171.64854pt.


[89 <./Gambar/implementation/homepage_imp.png>]

[90 <./Gambar/implementation/levelselector_imp.png> <./Gambar/implementation/ga
mewindow_imp.png> <./Gambar/implementation/samecolor_imp.png>]

[91 <./Gambar/implementation/samerow_imp.png> <./Gambar/implementation/samecolu
mn_imp.png> <./Gambar/implementation/adjacent_imp.png>]

[92 <./Gambar/implementation/hint1_imp.png> <./Gambar/implementation/hint2_imp.
png> <./Gambar/implementation/win_imp.png>]

[93]

[94]
Underfull \hbox (badness 10000) in paragraph at lines 398--399
[]|$\OML/lmm/m/it/10.95 P[]\OT1/lmr/m/n/10.95 (+20) 5000$\T1/lmr/m/n/10.95 (+20
) , $\OML/lmm/m/it/10.95 N[][]\OT1/lmr/m/n/10.95 (+20) 100$\T1/lmr/m/n/10.95 (+
20) , $\OML/lmm/m/it/10.95 c[][]\OT1/lmr/m/n/10.95 (+20) 1[]0$\T1/lmr/m/n/10.95
 (+20) ,
 []


Underfull \hbox (badness 10000) in paragraph at lines 422--423
[]|$\OML/lmm/m/it/10.95 P[]\OT1/lmr/m/n/10.95 (+20) 50000$\T1/lmr/m/n/10.95 (+2
0) , $\OML/lmm/m/it/10.95 N[][]\OT1/lmr/m/n/10.95 (+20) 50$\T1/lmr/m/n/10.95 (+
20) , $\OML/lmm/m/it/10.95 c[][]\OT1/lmr/m/n/10.95 (+20) 1[]5$\T1/lmr/m/n/10.95
 (+20) ,
 []



[95]

[96]

[97]

[98]

[99]

[100]

[101]

[102]

[103])

[104]

[105]
\openout2 = `Bab/bab6.aux'.

 (Bab/bab6.tex

[106




]
Bab 6.


[107])

[108]

[109] (skripsi.bbl

[110



]
Underfull \hbox (badness 1817) in paragraph at lines 25--28
[]\T1/lmr/m/n/10.95 (+20) Snyder, T. (2013) Star batt-le ru-les and in-fo.  [][
]$\T1/lmtt/m/n/10.95 https : / / www . gmpuzzles . com / blog /
 []


Underfull \hbox (badness 10000) in paragraph at lines 35--40
\T1/lmtt/m/n/10.95 id / 5272 / 1 / Artificial % 20Intelligence-[]A % 20Modern %
 20Approach % 20(3rd % 20Edition )
 []


Underfull \hbox (badness 6348) in paragraph at lines 49--55
[]\T1/lmr/m/n/10.95 (+20) Kennedy, J. dan Eber-hart, R. (1995) Par-ti-cle swarm
 op-ti-mi-za-tion.  \T1/lmr/m/it/10.95 (+20) Pro-ce-e-
 []


Underfull \hbox (badness 4378) in paragraph at lines 49--55
\T1/lmr/m/it/10.95 (+20) dings of ICNN'95-international con-fe-ren-ce on ne-u-r
al ne-tworks\T1/lmr/m/n/10.95 (+20) , Per-th, pp. 1942--
 []


Underfull \hbox (badness 2221) in paragraph at lines 64--70
[]\T1/lmr/m/n/10.95 (+20) Hoffman, E. J., Lo-es-si, J., dan Mo-o-re, R. C. (196
9) Con-stru-ctions for the so-
 []


Underfull \hbox (badness 2856) in paragraph at lines 64--70
\T1/lmr/m/n/10.95 (+20) lu-tion of the m qu-e-ens pro-blem.  \T1/lmr/m/it/10.95
 (+20) Ma-the-ma-ti-cs Ma-ga-zi-ne\T1/lmr/m/n/10.95 (+20) , \T1/lmr/bx/n/10.95 
(+20) 42\T1/lmr/m/n/10.95 (+20) , 66--72.  [][]$\T1/lmtt/m/n/10.95 https :
 []


Underfull \hbox (badness 10000) in paragraph at lines 64--70
\T1/lmtt/m/n/10.95 / / exp-[]blog . com / algorithm / poj / poj3239-[]solution-
[]to-[]the-[]n-[]queens-[]puzzle / doc /
 []


Underfull \hbox (badness 10000) in paragraph at lines 64--70
\T1/lmtt/m/n/10.95 Constructions % 20for % 20the % 20Solution % 20of % 20the % 
20m % 20Queens % 20Problem . pdf$[][]
 []


Underfull \hbox (badness 6284) in paragraph at lines 85--90
[]\T1/lmr/m/n/10.95 (+20) Kumar, V. (1998) Al-go-ri-thms for con-stra-int sa-ti
-sfa-ction pro-blems: A su-rvey.
 []



[111]
Underfull \hbox (badness 1424) in paragraph at lines 92--98
[]\T1/lmr/m/n/10.95 (+20) Bessiere, C. (2006) Con-stra-int pro-pa-ga-tion.  \T1
/lmr/m/it/10.95 (+20) Han-dbo-ok of Con-stra-int Pro-gram-ming\T1/lmr/m/n/10.95
 (+20) ,
 []


Underfull \hbox (badness 1062) in paragraph at lines 92--98
\T1/lmr/m/n/10.95 (+20) pp. 29--83. El-se-vi-er, Ams-te-rdam.  [][]$\T1/lmtt/m/
n/10.95 https : / / www . dcs . gla . ac . uk / ~pat / cpM / papers / CP _
 []


Underfull \hbox (badness 10000) in paragraph at lines 127--132
\T1/lmtt/m/n/10.95 20D . -[]How % 20to % 20solve % 20it . %20Modern % 20heurist
ics-[]Springer % 20(2004 ) .pdf$[][] \T1/lmr/m/n/10.95 (+20) Di-ak-
 []


Underfull \hbox (badness 1635) in paragraph at lines 134--139
[]\T1/lmr/m/n/10.95 (+20) Engelbrecht, A. P. dkk. (2007) \T1/lmr/m/it/10.95 (+2
0) Com-pu-ta-tio-nal in-te-lli-gen-ce: an in-tro-du-ction\T1/lmr/m/n/10.95 (+20
) . Wi-ley
 []


Underfull \hbox (badness 2020) in paragraph at lines 134--139
\T1/lmr/m/n/10.95 (+20) Onli-ne Li-brary, Chi-ches-ter.  [][]$\T1/lmtt/m/n/10.9
5 https : / / dai . fmph . uniba . sk / courses / ICI / engelbrecht .
 []


Underfull \hbox (badness 1874) in paragraph at lines 149--157
[]\T1/lmr/m/n/10.95 (+20) Kennedy, J. dan Eber-hart, R. C. (1997) A di-scre-te 
bi-nary ver-sion of the par-ti-
 []


Underfull \hbox (badness 1496) in paragraph at lines 149--157
\T1/lmr/m/n/10.95 (+20) cle swarm al-go-ri-thm.  \T1/lmr/m/it/10.95 (+20) 1997 
IE-EE In-ter-na-tio-nal con-fe-ren-ce on sys-tems, man, and
 []


Underfull \hbox (badness 2334) in paragraph at lines 149--157
\T1/lmr/m/it/10.95 (+20) cyber-ne-ti-cs. Com-pu-ta-tio-nal cyber-ne-ti-cs and s
i-mu-la-tion\T1/lmr/m/n/10.95 (+20) , Or-lan-do, pp. 4104--4108. ie-
 []

)

[112]
\openout2 = `Lampiran/lampA.aux'.

 (Lampiran/lampA.tex
Lampiran A.
(Lampiran/Main.java) (Lampiran/BatchMain.java

[113


]

[114]

[115]

[116]) (Lampiran/Board.java

[117]) (Lampiran/Cell.java

[118]) (Lampiran/BoardImporter.java) (Lampiran/BacktrackingSolverAC3.java

[119]

[120]

[121]

[122]) (Lampiran/PSOSolver.java

[123]

[124]

[125]

[126]

[127])

[128] (Lampiran/UITheme.java

[129]) (Lampiran/Homepage.java) (Lampiran/LevelSelectorWindow.java

[130]) (Lampiran/GameWindow.java

[131]

[132]

[133]

[134]

[135]

[136]

[137]

[138]))

[139] (skripsi.aux (Bab/bab1.aux) (Bab/bab2.aux) (Bab/bab3.aux) (Bab/bab4.aux)
(Bab/bab5.aux) (Bab/bab6.aux) (Lampiran/lampA.aux))
 ***********
LaTeX2e <2025-06-01> patch level 1
L3 programming layer <2025-08-13>
 ***********
Package rerunfilecheck Info: File `skripsi.out' has not changed.
(rerunfilecheck)             Checksum: 64553CB26F8FC9F1A49CF07CAC04462B;14003.
 ) 
Here is how much of TeX's memory you used:
 48067 strings out of 468133
 1027731 string characters out of 5431196
 2519635 words of memory out of 5000000
 72214 multiletter control sequences out of 15000+600000
 786200 words of font info for 367 fonts, out of 8000000 for 9000
 1145 hyphenation exceptions out of 8191
 110i,14n,136p,2039b,2370s stack positions out of 10000i,1000n,20000p,200000b,200000s

pdfTeX warning (dest): name{Hfootnote.4} has been referenced but does not exist
, replaced by a fixed one


pdfTeX warning (dest): name{Hfootnote.3} has been referenced but does not exist
, replaced by a fixed one


pdfTeX warning (dest): name{Hfootnote.2} has been referenced but does not exist
, replaced by a fixed one


pdfTeX warning (dest): name{Hfootnote.1} has been referenced but does not exist
, replaced by a fixed one

 <C:\Users\User\AppData\Local\MiKTeX\fonts/pk/ljfour/jknappen/ec/dpi600\ecxc109
5.pk><C:/Users/User/AppData/Local/Programs/MiKTeX/fonts/type1/bera/fvmb8a.pfb><
C:/Users/User/AppData/Local/Programs/MiKTeX/fonts/type1/bera/fvmr8a.pfb><C:/Use
rs/User/AppData/Local/Programs/MiKTeX/fonts/type1/bera/fvmro8a.pfb><C:/Users/Us
er/AppData/Local/Programs/MiKTeX/fonts/type1/public/amsfonts/latxfont/lcircle1.
pfb><C:/Users/User/AppData/Local/Programs/MiKTeX/fonts/type1/public/lm/lmbx10.p
fb><C:/Users/User/AppData/Local/Programs/MiKTeX/fonts/type1/public/lm/lmbx12.pf
b><C:/Users/User/AppData/Local/Programs/MiKTeX/fonts/type1/public/lm/lmbxi10.pf
b><C:/Users/User/AppData/Local/Programs/MiKTeX/fonts/type1/public/lm/lmcsc10.pf
b><C:/Users/User/AppData/Local/Programs/MiKTeX/fonts/type1/public/lm/lmcsco10.p
fb><C:/Users/User/AppData/Local/Programs/MiKTeX/fonts/type1/public/lm/lmex10.pf
b><C:/Users/User/AppData/Local/Programs/MiKTeX/fonts/type1/public/lm/lmmi10.pfb
><C:/Users/User/AppData/Local/Programs/MiKTeX/fonts/type1/public/lm/lmmi6.pfb><
C:/Users/User/AppData/Local/Programs/MiKTeX/fonts/type1/public/lm/lmmi8.pfb><C:
/Users/User/AppData/Local/Programs/MiKTeX/fonts/type1/public/lm/lmr10.pfb><C:/U
sers/User/AppData/Local/Programs/MiKTeX/fonts/type1/public/lm/lmr6.pfb><C:/User
s/User/AppData/Local/Programs/MiKTeX/fonts/type1/public/lm/lmr8.pfb><C:/Users/U
ser/AppData/Local/Programs/MiKTeX/fonts/type1/public/lm/lmr9.pfb><C:/Users/User
/AppData/Local/Programs/MiKTeX/fonts/type1/public/lm/lmri10.pfb><C:/Users/User/
AppData/Local/Programs/MiKTeX/fonts/type1/public/lm/lmri8.pfb><C:/Users/User/Ap
pData/Local/Programs/MiKTeX/fonts/type1/public/lm/lmss8.pfb><C:/Users/User/AppD
ata/Local/Programs/MiKTeX/fonts/type1/public/lm/lmsy10.pfb><C:/Users/User/AppDa
ta/Local/Programs/MiKTeX/fonts/type1/public/lm/lmtk10.pfb><C:/Users/User/AppDat
a/Local/Programs/MiKTeX/fonts/type1/public/lm/lmtt10.pfb><C:/Users/User/AppData
/Local/Programs/MiKTeX/fonts/type1/public/lm/lmtt9.pfb>
Output written on skripsi.pdf (151 pages, 5263835 bytes).
PDF statistics:
 5324 PDF objects out of 6186 (max. 8388607)
 3149 named destinations out of 3580 (max. 500000)
 84398 words of extra memory for PDF output out of 89155 (max. 10000000)

